172.16.1.10 - - [07/Jul/2008:02:50:24 -0600] "GET /dash.shtml HTTP/1.1" 200 8455 "-" "Mozilla/5.0 (Windows; U; Windows NT 5.1; de; rv:1.9) Gecko/2008052906 Firefox/3.0"
172.16.1.10 - - [07/Jul/2008:02:51:29 -0600] "GET /dash.shtml HTTP/1.1" 200 8455 "-" "Mozilla/5.0 (Windows; U; Windows NT 5.1; de; rv:1.9) Gecko/2008052906 Firefox/3.0"
172.16.1.10 - - [07/Jul/2008:02:52:36 -0600] "GET /dash.shtml HTTP/1.1" 200 8455 "-" "Mozilla/5.0 (Windows; U; Windows NT 5.1; de; rv:1.9) Gecko/2008052906 Firefox/3.0"
172.16.1.10 - - [07/Jul/2008:02:53:43 -0600] "GET /dash.shtml HTTP/1.1" 200 8455 "-" "Mozilla/5.0 (Windows; U; Windows NT 5.1; de; rv:1.9) Gecko/2008052906 Firefox/3.0"
172.16.1.10 - - [07/Jul/2008:02:54:49 -0600] "GET /dash.shtml HTTP/1.1" 200 8455 "-" "Mozilla/5.0 (Windows; U; Windows NT 5.1; de; rv:1.9) Gecko/2008052906 Firefox/3.0"
172.16.1.10 - hoofoos [07/Jul/2008:02:55:05 -0600] "POST /trac/instance/login/xmlrpc HTTP/1.1" 200 168 "-" "Mylyn/2.3.2 Eclipse/3.3.2 (org.eclipse.platform.ide) HttpClient/3.1 Java/1.6.0_05 (Sun) Windows XP/5.1 (x86; de_DE)"
172.16.1.10 - hoofoos [07/Jul/2008:02:55:06 -0600] "POST /trac/instance/login/xmlrpc HTTP/1.1" 200 1743 "-" "Mylyn/2.3.2 Eclipse/3.3.2 (org.eclipse.platform.ide) HttpClient/3.1 Java/1.6.0_05 (Sun) Windows XP/5.1 (x86; de_DE)"
172.16.1.10 - - [07/Jul/2008:02:55:56 -0600] "GET /dash.shtml HTTP/1.1" 200 8455 "-" "Mozilla/5.0 (Windows; U; Windows NT 5.1; de; rv:1.9) Gecko/2008052906 Firefox/3.0"
172.16.1.10 - - [07/Jul/2008:02:57:02 -0600] "GET /dash.shtml HTTP/1.1" 200 8455 "-" "Mozilla/5.0 (Windows; U; Windows NT 5.1; de; rv:1.9) Gecko/2008052906 Firefox/3.0"
172.16.1.10 - - [07/Jul/2008:02:58:06 -0600] "GET /dash.shtml HTTP/1.1" 200 8455 "-" "Mozilla/5.0 (Windows; U; Windows NT 5.1; de; rv:1.9) Gecko/2008052906 Firefox/3.0"
172.16.1.10 - - [07/Jul/2008:02:59:10 -0600] "GET /dash.shtml HTTP/1.1" 200 8455 "-" "Mozilla/5.0 (Windows; U; Windows NT 5.1; de; rv:1.9) Gecko/2008052906 Firefox/3.0"
172.16.1.10 - - [07/Jul/2008:03:00:21 -0600] "GET /dash.shtml HTTP/1.1" 200 8107 "-" "Mozilla/5.0 (Windows; U; Windows NT 5.1; de; rv:1.9) Gecko/2008052906 Firefox/3.0"
172.16.1.10 - - [07/Jul/2008:03:01:25 -0600] "GET /dash.shtml HTTP/1.1" 200 8107 "-" "Mozilla/5.0 (Windows; U; Windows NT 5.1; de; rv:1.9) Gecko/2008052906 Firefox/3.0"
172.16.1.10 - - [07/Jul/2008:03:02:28 -0600] "GET /dash.shtml HTTP/1.1" 200 8107 "-" "Mozilla/5.0 (Windows; U; Windows NT 5.1; de; rv:1.9) Gecko/2008052906 Firefox/3.0"
172.16.1.10 - - [07/Jul/2008:03:03:32 -0600] "GET /dash.shtml HTTP/1.1" 200 8760 "-" "Mozilla/5.0 (Windows; U; Windows NT 5.1; de; rv:1.9) Gecko/2008052906 Firefox/3.0"
172.16.1.10 - - [07/Jul/2008:03:04:36 -0600] "GET /dash.shtml HTTP/1.1" 200 8760 "-" "Mozilla/5.0 (Windows; U; Windows NT 5.1; de; rv:1.9) Gecko/2008052906 Firefox/3.0"
172.16.1.10 - - [07/Jul/2008:03:05:39 -0600] "GET /dash.shtml HTTP/1.1" 200 8760 "-" "Mozilla/5.0 (Windows; U; Windows NT 5.1; de; rv:1.9) Gecko/2008052906 Firefox/3.0"
172.16.1.10 - - [07/Jul/2008:03:06:44 -0600] "GET /dash.shtml HTTP/1.1" 200 8438 "-" "Mozilla/5.0 (Windows; U; Windows NT 5.1; de; rv:1.9) Gecko/2008052906 Firefox/3.0"
172.16.1.10 - - [07/Jul/2008:03:07:50 -0600] "GET /dash.shtml HTTP/1.1" 200 8438 "-" "Mozilla/5.0 (Windows; U; Windows NT 5.1; de; rv:1.9) Gecko/2008052906 Firefox/3.0"
172.16.1.44 - - [07/Jul/2008:03:08:03 -0600] "GET /rss/runblog.rss HTTP/1.1" 200 70358 "-" "RssReader/1.0.88.0 (http://www.rssreader.com) Microsoft Windows NT 5.1.2600.0"
172.16.1.10 - - [07/Jul/2008:03:08:53 -0600] "GET /dash.shtml HTTP/1.1" 200 8438 "-" "Mozilla/5.0 (Windows; U; Windows NT 5.1; de; rv:1.9) Gecko/2008052906 Firefox/3.0"
172.16.1.10 - - [07/Jul/2008:03:09:57 -0600] "GET /dash.shtml HTTP/1.1" 200 8438 "-" "Mozilla/5.0 (Windows; U; Windows NT 5.1; de; rv:1.9) Gecko/2008052906 Firefox/3.0"
172.16.1.10 - - [07/Jul/2008:03:11:00 -0600] "GET /dash.shtml HTTP/1.1" 200 8438 "-" "Mozilla/5.0 (Windows; U; Windows NT 5.1; de; rv:1.9) Gecko/2008052906 Firefox/3.0"
172.16.1.10 - - [07/Jul/2008:03:12:04 -0600] "GET /dash.shtml HTTP/1.1" 200 8438 "-" "Mozilla/5.0 (Windows; U; Windows NT 5.1; de; rv:1.9) Gecko/2008052906 Firefox/3.0"
172.16.1.10 - - [07/Jul/2008:03:13:08 -0600] "GET /dash.shtml HTTP/1.1" 200 8438 "-" "Mozilla/5.0 (Windows; U; Windows NT 5.1; de; rv:1.9) Gecko/2008052906 Firefox/3.0"
172.16.1.10 - - [07/Jul/2008:03:14:11 -0600] "GET /dash.shtml HTTP/1.1" 200 8438 "-" "Mozilla/5.0 (Windows; U; Windows NT 5.1; de; rv:1.9) Gecko/2008052906 Firefox/3.0"
172.16.1.10 - hoofoos [07/Jul/2008:03:15:05 -0600] "POST /trac/instance/login/xmlrpc HTTP/1.1" 200 168 "-" "Mylyn/2.3.2 Eclipse/3.3.2 (org.eclipse.platform.ide) HttpClient/3.1 Java/1.6.0_05 (Sun) Windows XP/5.1 (x86; de_DE)"
172.16.1.10 - hoofoos [07/Jul/2008:03:15:05 -0600] "POST /trac/instance/login/xmlrpc HTTP/1.1" 200 1743 "-" "Mylyn/2.3.2 Eclipse/3.3.2 (org.eclipse.platform.ide) HttpClient/3.1 Java/1.6.0_05 (Sun) Windows XP/5.1 (x86; de_DE)"
172.16.1.10 - - [07/Jul/2008:03:15:15 -0600] "GET /dash.shtml HTTP/1.1" 200 8107 "-" "Mozilla/5.0 (Windows; U; Windows NT 5.1; de; rv:1.9) Gecko/2008052906 Firefox/3.0"
172.16.1.10 - - [07/Jul/2008:03:16:19 -0600] "GET /dash.shtml HTTP/1.1" 200 8107 "-" "Mozilla/5.0 (Windows; U; Windows NT 5.1; de; rv:1.9) Gecko/2008052906 Firefox/3.0"
172.16.1.10 - - [07/Jul/2008:03:17:23 -0600] "GET /dash.shtml HTTP/1.1" 200 8442 "-" "Mozilla/5.0 (Windows; U; Windows NT 5.1; de; rv:1.9) Gecko/2008052906 Firefox/3.0"
172.16.1.10 - - [07/Jul/2008:03:18:26 -0600] "GET /dash.shtml HTTP/1.1" 200 8442 "-" "Mozilla/5.0 (Windows; U; Windows NT 5.1; de; rv:1.9) Gecko/2008052906 Firefox/3.0"
172.16.1.10 - - [07/Jul/2008:03:19:30 -0600] "GET /dash.shtml HTTP/1.1" 200 8442 "-" "Mozilla/5.0 (Windows; U; Windows NT 5.1; de; rv:1.9) Gecko/2008052906 Firefox/3.0"
172.16.1.10 - - [07/Jul/2008:03:20:34 -0600] "GET /dash.shtml HTTP/1.1" 200 8442 "-" "Mozilla/5.0 (Windows; U; Windows NT 5.1; de; rv:1.9) Gecko/2008052906 Firefox/3.0"
172.16.1.10 - - [07/Jul/2008:03:21:39 -0600] "GET /dash.shtml HTTP/1.1" 200 8442 "-" "Mozilla/5.0 (Windows; U; Windows NT 5.1; de; rv:1.9) Gecko/2008052906 Firefox/3.0"
172.16.1.10 - - [07/Jul/2008:03:22:42 -0600] "GET /dash.shtml HTTP/1.1" 200 8442 "-" "Mozilla/5.0 (Windows; U; Windows NT 5.1; de; rv:1.9) Gecko/2008052906 Firefox/3.0"
172.16.1.10 - - [07/Jul/2008:03:23:46 -0600] "GET /dash.shtml HTTP/1.1" 200 8442 "-" "Mozilla/5.0 (Windows; U; Windows NT 5.1; de; rv:1.9) Gecko/2008052906 Firefox/3.0"
172.16.1.10 - - [07/Jul/2008:03:24:49 -0600] "GET /dash.shtml HTTP/1.1" 200 8442 "-" "Mozilla/5.0 (Windows; U; Windows NT 5.1; de; rv:1.9) Gecko/2008052906 Firefox/3.0"
172.16.1.10 - - [07/Jul/2008:03:25:53 -0600] "GET /dash.shtml HTTP/1.1" 200 8442 "-" "Mozilla/5.0 (Windows; U; Windows NT 5.1; de; rv:1.9) Gecko/2008052906 Firefox/3.0"
172.16.1.10 - - [07/Jul/2008:03:26:56 -0600] "GET /dash.shtml HTTP/1.1" 200 8107 "-" "Mozilla/5.0 (Windows; U; Windows NT 5.1; de; rv:1.9) Gecko/2008052906 Firefox/3.0"
172.16.1.10 - - [07/Jul/2008:03:27:59 -0600] "GET /dash.shtml HTTP/1.1" 200 8107 "-" "Mozilla/5.0 (Windows; U; Windows NT 5.1; de; rv:1.9) Gecko/2008052906 Firefox/3.0"
172.16.1.44 - - [07/Jul/2008:03:28:03 -0600] "GET /rss/runblog.rss HTTP/1.1" 200 70301 "-" "RssReader/1.0.88.0 (http://www.rssreader.com) Microsoft Windows NT 5.1.2600.0"
172.16.1.10 - - [07/Jul/2008:03:29:03 -0600] "GET /dash.shtml HTTP/1.1" 200 8107 "-" "Mozilla/5.0 (Windows; U; Windows NT 5.1; de; rv:1.9) Gecko/2008052906 Firefox/3.0"
172.16.1.10 - - [07/Jul/2008:03:30:07 -0600] "GET /dash.shtml HTTP/1.1" 200 7789 "-" "Mozilla/5.0 (Windows; U; Windows NT 5.1; de; rv:1.9) Gecko/2008052906 Firefox/3.0"
172.16.1.10 - - [07/Jul/2008:03:31:11 -0600] "GET /dash.shtml HTTP/1.1" 200 7789 "-" "Mozilla/5.0 (Windows; U; Windows NT 5.1; de; rv:1.9) Gecko/2008052906 Firefox/3.0"
172.16.1.10 - - [07/Jul/2008:03:32:14 -0600] "GET /dash.shtml HTTP/1.1" 200 7789 "-" "Mozilla/5.0 (Windows; U; Windows NT 5.1; de; rv:1.9) Gecko/2008052906 Firefox/3.0"
172.16.1.10 - - [07/Jul/2008:03:33:18 -0600] "GET /dash.shtml HTTP/1.1" 200 7789 "-" "Mozilla/5.0 (Windows; U; Windows NT 5.1; de; rv:1.9) Gecko/2008052906 Firefox/3.0"
172.16.1.10 - - [07/Jul/2008:03:34:22 -0600] "GET /dash.shtml HTTP/1.1" 200 7789 "-" "Mozilla/5.0 (Windows; U; Windows NT 5.1; de; rv:1.9) Gecko/2008052906 Firefox/3.0"
172.16.1.10 - hoofoos [07/Jul/2008:03:35:05 -0600] "POST /trac/instance/login/xmlrpc HTTP/1.1" 200 168 "-" "Mylyn/2.3.2 Eclipse/3.3.2 (org.eclipse.platform.ide) HttpClient/3.1 Java/1.6.0_05 (Sun) Windows XP/5.1 (x86; de_DE)"
172.16.1.10 - hoofoos [07/Jul/2008:03:35:06 -0600] "POST /trac/instance/login/xmlrpc HTTP/1.1" 200 1743 "-" "Mylyn/2.3.2 Eclipse/3.3.2 (org.eclipse.platform.ide) HttpClient/3.1 Java/1.6.0_05 (Sun) Windows XP/5.1 (x86; de_DE)"
172.16.1.10 - - [07/Jul/2008:03:35:26 -0600] "GET /dash.shtml HTTP/1.1" 200 7789 "-" "Mozilla/5.0 (Windows; U; Windows NT 5.1; de; rv:1.9) Gecko/2008052906 Firefox/3.0"
172.16.1.10 - - [07/Jul/2008:03:36:29 -0600] "GET /dash.shtml HTTP/1.1" 200 7789 "-" "Mozilla/5.0 (Windows; U; Windows NT 5.1; de; rv:1.9) Gecko/2008052906 Firefox/3.0"
172.16.1.10 - - [07/Jul/2008:03:37:33 -0600] "GET /dash.shtml HTTP/1.1" 200 7789 "-" "Mozilla/5.0 (Windows; U; Windows NT 5.1; de; rv:1.9) Gecko/2008052906 Firefox/3.0"
172.16.1.10 - - [07/Jul/2008:03:38:36 -0600] "GET /dash.shtml HTTP/1.1" 200 7457 "-" "Mozilla/5.0 (Windows; U; Windows NT 5.1; de; rv:1.9) Gecko/2008052906 Firefox/3.0"
172.16.1.10 - - [07/Jul/2008:03:39:40 -0600] "GET /dash.shtml HTTP/1.1" 200 7792 "-" "Mozilla/5.0 (Windows; U; Windows NT 5.1; de; rv:1.9) Gecko/2008052906 Firefox/3.0"
172.16.1.10 - - [07/Jul/2008:03:40:44 -0600] "GET /dash.shtml HTTP/1.1" 200 7792 "-" "Mozilla/5.0 (Windows; U; Windows NT 5.1; de; rv:1.9) Gecko/2008052906 Firefox/3.0"
172.16.1.10 - - [07/Jul/2008:03:41:48 -0600] "GET /dash.shtml HTTP/1.1" 200 7781 "-" "Mozilla/5.0 (Windows; U; Windows NT 5.1; de; rv:1.9) Gecko/2008052906 Firefox/3.0"
172.16.1.10 - - [07/Jul/2008:03:42:51 -0600] "GET /dash.shtml HTTP/1.1" 200 7457 "-" "Mozilla/5.0 (Windows; U; Windows NT 5.1; de; rv:1.9) Gecko/2008052906 Firefox/3.0"
172.16.1.10 - - [07/Jul/2008:03:43:57 -0600] "GET /dash.shtml HTTP/1.1" 200 8466 "-" "Mozilla/5.0 (Windows; U; Windows NT 5.1; de; rv:1.9) Gecko/2008052906 Firefox/3.0"
172.16.1.10 - - [07/Jul/2008:03:45:02 -0600] "GET /dash.shtml HTTP/1.1" 200 8794 "-" "Mozilla/5.0 (Windows; U; Windows NT 5.1; de; rv:1.9) Gecko/2008052906 Firefox/3.0"
172.16.1.10 - - [07/Jul/2008:03:46:07 -0600] "GET /dash.shtml HTTP/1.1" 200 8466 "-" "Mozilla/5.0 (Windows; U; Windows NT 5.1; de; rv:1.9) Gecko/2008052906 Firefox/3.0"
172.16.1.10 - - [07/Jul/2008:03:47:12 -0600] "GET /dash.shtml HTTP/1.1" 200 8145 "-" "Mozilla/5.0 (Windows; U; Windows NT 5.1; de; rv:1.9) Gecko/2008052906 Firefox/3.0"
172.16.1.44 - - [07/Jul/2008:03:48:03 -0600] "GET /rss/runblog.rss HTTP/1.1" 200 70310 "-" "RssReader/1.0.88.0 (http://www.rssreader.com) Microsoft Windows NT 5.1.2600.0"
172.16.1.10 - - [07/Jul/2008:03:48:17 -0600] "GET /dash.shtml HTTP/1.1" 200 8145 "-" "Mozilla/5.0 (Windows; U; Windows NT 5.1; de; rv:1.9) Gecko/2008052906 Firefox/3.0"
172.16.1.10 - - [07/Jul/2008:03:49:22 -0600] "GET /dash.shtml HTTP/1.1" 200 8145 "-" "Mozilla/5.0 (Windows; U; Windows NT 5.1; de; rv:1.9) Gecko/2008052906 Firefox/3.0"
172.16.1.10 - - [07/Jul/2008:03:50:27 -0600] "GET /dash.shtml HTTP/1.1" 200 8145 "-" "Mozilla/5.0 (Windows; U; Windows NT 5.1; de; rv:1.9) Gecko/2008052906 Firefox/3.0"
172.16.1.10 - - [07/Jul/2008:03:51:33 -0600] "GET /dash.shtml HTTP/1.1" 200 8145 "-" "Mozilla/5.0 (Windows; U; Windows NT 5.1; de; rv:1.9) Gecko/2008052906 Firefox/3.0"
172.16.1.10 - - [07/Jul/2008:03:52:36 -0600] "GET /dash.shtml HTTP/1.1" 200 8145 "-" "Mozilla/5.0 (Windows; U; Windows NT 5.1; de; rv:1.9) Gecko/2008052906 Firefox/3.0"
172.16.1.10 - - [07/Jul/2008:03:53:40 -0600] "GET /dash.shtml HTTP/1.1" 200 8145 "-" "Mozilla/5.0 (Windows; U; Windows NT 5.1; de; rv:1.9) Gecko/2008052906 Firefox/3.0"
172.16.1.10 - - [07/Jul/2008:03:54:43 -0600] "GET /dash.shtml HTTP/1.1" 200 8145 "-" "Mozilla/5.0 (Windows; U; Windows NT 5.1; de; rv:1.9) Gecko/2008052906 Firefox/3.0"
172.16.1.10 - hoofoos [07/Jul/2008:03:55:05 -0600] "POST /trac/instance/login/xmlrpc HTTP/1.1" 200 168 "-" "Mylyn/2.3.2 Eclipse/3.3.2 (org.eclipse.platform.ide) HttpClient/3.1 Java/1.6.0_05 (Sun) Windows XP/5.1 (x86; de_DE)"
172.16.1.10 - hoofoos [07/Jul/2008:03:55:05 -0600] "POST /trac/instance/login/xmlrpc HTTP/1.1" 200 1743 "-" "Mylyn/2.3.2 Eclipse/3.3.2 (org.eclipse.platform.ide) HttpClient/3.1 Java/1.6.0_05 (Sun) Windows XP/5.1 (x86; de_DE)"
172.16.1.10 - - [07/Jul/2008:03:55:47 -0600] "GET /dash.shtml HTTP/1.1" 200 8145 "-" "Mozilla/5.0 (Windows; U; Windows NT 5.1; de; rv:1.9) Gecko/2008052906 Firefox/3.0"
172.16.1.10 - - [07/Jul/2008:03:56:50 -0600] "GET /dash.shtml HTTP/1.1" 200 8145 "-" "Mozilla/5.0 (Windows; U; Windows NT 5.1; de; rv:1.9) Gecko/2008052906 Firefox/3.0"
172.16.1.10 - - [07/Jul/2008:03:57:53 -0600] "GET /dash.shtml HTTP/1.1" 200 8145 "-" "Mozilla/5.0 (Windows; U; Windows NT 5.1; de; rv:1.9) Gecko/2008052906 Firefox/3.0"
172.16.1.10 - - [07/Jul/2008:03:58:57 -0600] "GET /dash.shtml HTTP/1.1" 200 8145 "-" "Mozilla/5.0 (Windows; U; Windows NT 5.1; de; rv:1.9) Gecko/2008052906 Firefox/3.0"
172.16.1.10 - - [07/Jul/2008:03:59:27 -0600] "GET /trac/instance/wiki/ProductProjects/Dismal HTTP/1.1" 200 16124 "-" "Mozilla/5.0 (Windows; U; Windows NT 5.1; de; rv:1.9) Gecko/2008052906 Firefox/3.0"
172.16.1.10 - - [07/Jul/2008:03:59:28 -0600] "GET /trac/instance/chrome/common/extlink.gif HTTP/1.1" 200 90 "http://daves/trac/instance/chrome/common/css/trac.css" "Mozilla/5.0 (Windows; U; Windows NT 5.1; de; rv:1.9) Gecko/2008052906 Firefox/3.0"
172.16.1.10 - - [07/Jul/2008:03:59:29 -0600] "GET /trac/instance/chrome/common/js/wikitoolbar.js HTTP/1.1" 200 3019 "http://daves/trac/instance/wiki/ProductProjects/Dismal" "Mozilla/5.0 (Windows; U; Windows NT 5.1; de; rv:1.9) Gecko/2008052906 Firefox/3.0"
172.16.1.10 - - [07/Jul/2008:03:59:29 -0600] "GET /trac/instance/chrome/common/edit_toolbar.png HTTP/1.1" 200 978 "http://daves/trac/instance/chrome/common/css/trac.css" "Mozilla/5.0 (Windows; U; Windows NT 5.1; de; rv:1.9) Gecko/2008052906 Firefox/3.0"
172.16.1.10 - - [07/Jul/2008:03:59:31 -0600] "GET /trac/instance/wiki/ProductProjects/DismalDoc HTTP/1.1" 200 4773 "http://daves/trac/instance/wiki/ProductProjects/Dismal" "Mozilla/5.0 (Windows; U; Windows NT 5.1; de; rv:1.9) Gecko/2008052906 Firefox/3.0"
172.16.1.10 - - [07/Jul/2008:03:59:33 -0600] "GET /trac/instance/wiki/DismalSupportedHeaders HTTP/1.1" 200 26801 "http://daves/trac/instance/wiki/ProductProjects/DismalDoc" "Mozilla/5.0 (Windows; U; Windows NT 5.1; de; rv:1.9) Gecko/2008052906 Firefox/3.0"
172.16.1.10 - - [07/Jul/2008:03:59:56 -0600] "GET /trac/instance/wiki/ProductProjects/Dismal HTTP/1.1" 200 16124 "-" "Mozilla/5.0 (Windows; U; Windows NT 5.1; de; rv:1.9) Gecko/2008052906 Firefox/3.0"
172.16.1.10 - - [07/Jul/2008:03:59:57 -0600] "GET /trac/instance/chrome/tags/css/tractags.css HTTP/1.1" 200 910 "http://daves/trac/instance/wiki/ProductProjects/Dismal" "Mozilla/5.0 (Windows; U; Windows NT 5.1; de; rv:1.9) Gecko/2008052906 Firefox/3.0"
172.16.1.10 - - [07/Jul/2008:03:59:57 -0600] "GET /trac/instance/chrome/common/css/wiki.css HTTP/1.1" 200 1533 "http://daves/trac/instance/wiki/ProductProjects/Dismal" "Mozilla/5.0 (Windows; U; Windows NT 5.1; de; rv:1.9) Gecko/2008052906 Firefox/3.0"
172.16.1.10 - - [07/Jul/2008:03:59:57 -0600] "GET /trac/instance/chrome/common/trac.ico HTTP/1.1" 200 3638 "-" "Mozilla/5.0 (Windows; U; Windows NT 5.1; de; rv:1.9) Gecko/2008052906 Firefox/3.0"
172.16.1.10 - - [07/Jul/2008:03:59:57 -0600] "GET /trac/instance/chrome/common/js/trac.js HTTP/1.1" 200 4407 "http://daves/trac/instance/wiki/ProductProjects/Dismal" "Mozilla/5.0 (Windows; U; Windows NT 5.1; de; rv:1.9) Gecko/2008052906 Firefox/3.0"
172.16.1.10 - - [07/Jul/2008:03:59:57 -0600] "GET /trac/instance/pygments/trac.css HTTP/1.1" 200 7444 "http://daves/trac/instance/wiki/ProductProjects/Dismal" "Mozilla/5.0 (Windows; U; Windows NT 5.1; de; rv:1.9) Gecko/2008052906 Firefox/3.0"
172.16.1.10 - - [07/Jul/2008:03:59:57 -0600] "GET /trac/instance/chrome/common/css/trac.css HTTP/1.1" 200 12531 "http://daves/trac/instance/wiki/ProductProjects/Dismal" "Mozilla/5.0 (Windows; U; Windows NT 5.1; de; rv:1.9) Gecko/2008052906 Firefox/3.0"
172.16.1.10 - - [07/Jul/2008:03:59:57 -0600] "GET /trac/instance/chrome/common/css/code.css HTTP/1.1" 200 4351 "http://daves/trac/instance/chrome/common/css/wiki.css" "Mozilla/5.0 (Windows; U; Windows NT 5.1; de; rv:1.9) Gecko/2008052906 Firefox/3.0"
172.16.1.10 - - [07/Jul/2008:03:59:58 -0600] "GET /trac/instance/chrome/common/js/wikitoolbar.js HTTP/1.1" 200 3019 "http://daves/trac/instance/wiki/ProductProjects/Dismal" "Mozilla/5.0 (Windows; U; Windows NT 5.1; de; rv:1.9) Gecko/2008052906 Firefox/3.0"
172.16.1.10 - - [07/Jul/2008:03:59:58 -0600] "GET /trac/instance/chrome/common/topbar_gradient.png HTTP/1.1" 200 350 "http://daves/trac/instance/chrome/common/css/trac.css" "Mozilla/5.0 (Windows; U; Windows NT 5.1; de; rv:1.9) Gecko/2008052906 Firefox/3.0"
172.16.1.10 - - [07/Jul/2008:03:59:58 -0600] "GET /trac/instance/chrome/common/topbar_gradient2.png HTTP/1.1" 200 309 "http://daves/trac/instance/chrome/common/css/trac.css" "Mozilla/5.0 (Windows; U; Windows NT 5.1; de; rv:1.9) Gecko/2008052906 Firefox/3.0"
172.16.1.10 - - [07/Jul/2008:03:59:58 -0600] "GET /trac/instance/chrome/common/dots.gif HTTP/1.1" 200 50 "http://daves/trac/instance/chrome/common/css/trac.css" "Mozilla/5.0 (Windows; U; Windows NT 5.1; de; rv:1.9) Gecko/2008052906 Firefox/3.0"
172.16.1.10 - - [07/Jul/2008:03:59:58 -0600] "GET /trac/instance/chrome/common/extlink.gif HTTP/1.1" 200 90 "http://daves/trac/instance/chrome/common/css/trac.css" "Mozilla/5.0 (Windows; U; Windows NT 5.1; de; rv:1.9) Gecko/2008052906 Firefox/3.0"
172.16.1.10 - - [07/Jul/2008:03:59:58 -0600] "GET /images/dclk_logo.gif HTTP/1.1" 200 2785 "http://daves/trac/instance/wiki/ProductProjects/Dismal" "Mozilla/5.0 (Windows; U; Windows NT 5.1; de; rv:1.9) Gecko/2008052906 Firefox/3.0"
172.16.1.10 - - [07/Jul/2008:03:59:59 -0600] "GET /trac/instance/chrome/common/edit_toolbar.png HTTP/1.1" 200 978 "http://daves/trac/instance/chrome/common/css/trac.css" "Mozilla/5.0 (Windows; U; Windows NT 5.1; de; rv:1.9) Gecko/2008052906 Firefox/3.0"
172.16.1.10 - - [07/Jul/2008:03:59:59 -0600] "GET /trac/instance/chrome/common/trac_logo_mini.png HTTP/1.1" 200 689 "http://daves/trac/instance/wiki/ProductProjects/Dismal" "Mozilla/5.0 (Windows; U; Windows NT 5.1; de; rv:1.9) Gecko/2008052906 Firefox/3.0"
172.16.1.10 - - [07/Jul/2008:04:00:00 -0600] "GET /trac/instance/wiki/ProductProjects/DismalDoc HTTP/1.1" 200 4773 "http://daves/trac/instance/wiki/ProductProjects/Dismal" "Mozilla/5.0 (Windows; U; Windows NT 5.1; de; rv:1.9) Gecko/2008052906 Firefox/3.0"
172.16.1.10 - - [07/Jul/2008:04:00:05 -0600] "GET /trac/instance/wiki/DismalSupportedHeaders HTTP/1.1" 200 26801 "http://daves/trac/instance/wiki/ProductProjects/DismalDoc" "Mozilla/5.0 (Windows; U; Windows NT 5.1; de; rv:1.9) Gecko/2008052906 Firefox/3.0"
172.16.1.10 - - [07/Jul/2008:04:00:33 -0600] "GET /trac/instance/wiki/DismalAdType HTTP/1.1" 200 4103 "http://daves/trac/instance/wiki/DismalSupportedHeaders" "Mozilla/5.0 (Windows; U; Windows NT 5.1; de; rv:1.9) Gecko/2008052906 Firefox/3.0"
172.16.1.44 - - [07/Jul/2008:04:08:03 -0600] "GET /rss/runblog.rss HTTP/1.1" 200 70271 "-" "RssReader/1.0.88.0 (http://www.rssreader.com) Microsoft Windows NT 5.1.2600.0"
172.16.1.10 - hoofoos [07/Jul/2008:04:15:05 -0600] "POST /trac/instance/login/xmlrpc HTTP/1.1" 200 168 "-" "Mylyn/2.3.2 Eclipse/3.3.2 (org.eclipse.platform.ide) HttpClient/3.1 Java/1.6.0_05 (Sun) Windows XP/5.1 (x86; de_DE)"
172.16.1.10 - hoofoos [07/Jul/2008:04:15:06 -0600] "POST /trac/instance/login/xmlrpc HTTP/1.1" 200 1743 "-" "Mylyn/2.3.2 Eclipse/3.3.2 (org.eclipse.platform.ide) HttpClient/3.1 Java/1.6.0_05 (Sun) Windows XP/5.1 (x86; de_DE)"
172.16.1.44 - - [07/Jul/2008:04:28:03 -0600] "GET /rss/runblog.rss HTTP/1.1" 200 70271 "-" "RssReader/1.0.88.0 (http://www.rssreader.com) Microsoft Windows NT 5.1.2600.0"
172.16.1.10 - hoofoos [07/Jul/2008:04:35:05 -0600] "POST /trac/instance/login/xmlrpc HTTP/1.1" 200 168 "-" "Mylyn/2.3.2 Eclipse/3.3.2 (org.eclipse.platform.ide) HttpClient/3.1 Java/1.6.0_05 (Sun) Windows XP/5.1 (x86; de_DE)"
172.16.1.10 - hoofoos [07/Jul/2008:04:35:05 -0600] "POST /trac/instance/login/xmlrpc HTTP/1.1" 200 1743 "-" "Mylyn/2.3.2 Eclipse/3.3.2 (org.eclipse.platform.ide) HttpClient/3.1 Java/1.6.0_05 (Sun) Windows XP/5.1 (x86; de_DE)"
172.16.1.10 - - [07/Jul/2008:04:46:02 -0600] "GET /app/ HTTP/1.1" 401 476 "-" "Mozilla/5.0 (Windows; U; Windows NT 5.1; de; rv:1.9) Gecko/2008052906 Firefox/3.0"
172.16.1.10 - hoofoos [07/Jul/2008:04:46:09 -0600] "GET /app/ HTTP/1.1" 200 515 "-" "Mozilla/5.0 (Windows; U; Windows NT 5.1; de; rv:1.9) Gecko/2008052906 Firefox/3.0"
172.16.1.10 - hoofoos [07/Jul/2008:04:46:10 -0600] "GET /app/stylesheet.css HTTP/1.1" 200 1394 "http://daves/app/" "Mozilla/5.0 (Windows; U; Windows NT 5.1; de; rv:1.9) Gecko/2008052906 Firefox/3.0"
172.16.1.10 - hoofoos [07/Jul/2008:04:46:10 -0600] "GET /app/header.html HTTP/1.1" 200 452 "http://daves/app/" "Mozilla/5.0 (Windows; U; Windows NT 5.1; de; rv:1.9) Gecko/2008052906 Firefox/3.0"
172.16.1.10 - hoofoos [07/Jul/2008:04:46:10 -0600] "GET /app/navigation.html HTTP/1.1" 200 1172 "http://daves/app/" "Mozilla/5.0 (Windows; U; Windows NT 5.1; de; rv:1.9) Gecko/2008052906 Firefox/3.0"
172.16.1.10 - - [07/Jul/2008:04:46:10 -0600] "GET /cgi-bin/app/status.cgi HTTP/1.1" 401 476 "http://daves/app/" "Mozilla/5.0 (Windows; U; Windows NT 5.1; de; rv:1.9) Gecko/2008052906 Firefox/3.0"
172.16.1.10 - - [07/Jul/2008:04:46:10 -0600] "GET /images/dclk_logo.gif HTTP/1.1" 200 2785 "http://daves/app/header.html" "Mozilla/5.0 (Windows; U; Windows NT 5.1; de; rv:1.9) Gecko/2008052906 Firefox/3.0"
172.16.1.10 - - [07/Jul/2008:04:46:15 -0600] "GET /favicon.ico HTTP/1.1" 403 288 "-" "Mozilla/5.0 (Windows; U; Windows NT 5.1; de; rv:1.9) Gecko/2008052906 Firefox/3.0"
172.16.1.10 - hoofoos [07/Jul/2008:04:46:10 -0600] "GET /cgi-bin/app/status.cgi HTTP/1.1" 200 1456 "http://daves/app/" "Mozilla/5.0 (Windows; U; Windows NT 5.1; de; rv:1.9) Gecko/2008052906 Firefox/3.0"
172.16.1.10 - hoofoos [07/Jul/2008:04:46:15 -0600] "GET /cgi-bin/app/query.cgi HTTP/1.1" 200 1297 "http://daves/app/navigation.html" "Mozilla/5.0 (Windows; U; Windows NT 5.1; de; rv:1.9) Gecko/2008052906 Firefox/3.0"
172.16.1.10 - - [07/Jul/2008:04:46:19 -0600] "GET /favicon.ico HTTP/1.1" 403 288 "-" "Mozilla/5.0 (Windows; U; Windows NT 5.1; de; rv:1.9) Gecko/2008052906 Firefox/3.0"
172.16.1.10 - hoofoos [07/Jul/2008:04:46:22 -0600] "GET /cgi-bin/app/query_search.cgi? HTTP/1.1" 200 1402 "http://daves/cgi-bin/app/query.cgi" "Mozilla/5.0 (Windows; U; Windows NT 5.1; de; rv:1.9) Gecko/2008052906 Firefox/3.0"
172.16.1.10 - hoofoos [07/Jul/2008:04:46:36 -0600] "GET /cgi-bin/app/query_search.cgi? HTTP/1.1" 200 1280 "http://daves/cgi-bin/app/query_search.cgi?" "Mozilla/5.0 (Windows; U; Windows NT 5.1; de; rv:1.9) Gecko/2008052906 Firefox/3.0"
172.16.1.10 - hoofoos [07/Jul/2008:04:46:37 -0600] "GET /cgi-bin/app/139110316 HTTP/1.1" 404 293 "http://daves/cgi-bin/app/query_search.cgi?" "Mozilla/5.0 (Windows; U; Windows NT 5.1; de; rv:1.9) Gecko/2008052906 Firefox/3.0"
172.16.1.10 - hoofoos [07/Jul/2008:04:46:54 -0600] "GET /cgi-bin/app/query.cgi? HTTP/1.1" 200 3504 "http://daves/cgi-bin/app/query.cgi" "Mozilla/5.0 (Windows; U; Windows NT 5.1; de; rv:1.9) Gecko/2008052906 Firefox/3.0"
172.16.1.44 - - [07/Jul/2008:04:48:03 -0600] "GET /rss/runblog.rss HTTP/1.1" 200 70270 "-" "RssReader/1.0.88.0 (http://www.rssreader.com) Microsoft Windows NT 5.1.2600.0"
172.16.1.10 - hoofoos [07/Jul/2008:04:55:20 -0600] "POST /trac/instance/login/xmlrpc HTTP/1.1" 200 168 "-" "Mylyn/2.3.2 Eclipse/3.3.2 (org.eclipse.platform.ide) HttpClient/3.1 Java/1.6.0_05 (Sun) Windows XP/5.1 (x86; de_DE)"
172.16.1.10 - hoofoos [07/Jul/2008:04:55:20 -0600] "POST /trac/instance/login/xmlrpc HTTP/1.1" 200 1743 "-" "Mylyn/2.3.2 Eclipse/3.3.2 (org.eclipse.platform.ide) HttpClient/3.1 Java/1.6.0_05 (Sun) Windows XP/5.1 (x86; de_DE)"
172.16.1.44 - - [07/Jul/2008:05:08:03 -0600] "GET /rss/runblog.rss HTTP/1.1" 200 70249 "-" "RssReader/1.0.88.0 (http://www.rssreader.com) Microsoft Windows NT 5.1.2600.0"
172.16.1.10 - hoofoos [07/Jul/2008:05:15:20 -0600] "POST /trac/instance/login/xmlrpc HTTP/1.1" 200 168 "-" "Mylyn/2.3.2 Eclipse/3.3.2 (org.eclipse.platform.ide) HttpClient/3.1 Java/1.6.0_05 (Sun) Windows XP/5.1 (x86; de_DE)"
172.16.1.10 - hoofoos [07/Jul/2008:05:15:21 -0600] "POST /trac/instance/login/xmlrpc HTTP/1.1" 200 1743 "-" "Mylyn/2.3.2 Eclipse/3.3.2 (org.eclipse.platform.ide) HttpClient/3.1 Java/1.6.0_05 (Sun) Windows XP/5.1 (x86; de_DE)"
172.16.1.44 - - [07/Jul/2008:05:28:03 -0600] "GET /rss/runblog.rss HTTP/1.1" 200 70249 "-" "RssReader/1.0.88.0 (http://www.rssreader.com) Microsoft Windows NT 5.1.2600.0"
172.16.1.10 - hoofoos [07/Jul/2008:05:35:20 -0600] "POST /trac/instance/login/xmlrpc HTTP/1.1" 200 168 "-" "Mylyn/2.3.2 Eclipse/3.3.2 (org.eclipse.platform.ide) HttpClient/3.1 Java/1.6.0_05 (Sun) Windows XP/5.1 (x86; de_DE)"
172.16.1.10 - hoofoos [07/Jul/2008:05:35:20 -0600] "POST /trac/instance/login/xmlrpc HTTP/1.1" 200 1743 "-" "Mylyn/2.3.2 Eclipse/3.3.2 (org.eclipse.platform.ide) HttpClient/3.1 Java/1.6.0_05 (Sun) Windows XP/5.1 (x86; de_DE)"
172.16.1.44 - - [07/Jul/2008:05:48:03 -0600] "GET /rss/runblog.rss HTTP/1.1" 200 70249 "-" "RssReader/1.0.88.0 (http://www.rssreader.com) Microsoft Windows NT 5.1.2600.0"
172.16.1.10 - hoofoos [07/Jul/2008:05:55:20 -0600] "POST /trac/instance/login/xmlrpc HTTP/1.1" 200 168 "-" "Mylyn/2.3.2 Eclipse/3.3.2 (org.eclipse.platform.ide) HttpClient/3.1 Java/1.6.0_05 (Sun) Windows XP/5.1 (x86; de_DE)"
172.16.1.10 - hoofoos [07/Jul/2008:05:55:20 -0600] "POST /trac/instance/login/xmlrpc HTTP/1.1" 200 1743 "-" "Mylyn/2.3.2 Eclipse/3.3.2 (org.eclipse.platform.ide) HttpClient/3.1 Java/1.6.0_05 (Sun) Windows XP/5.1 (x86; de_DE)"
172.16.1.44 - - [07/Jul/2008:06:08:03 -0600] "GET /rss/runblog.rss HTTP/1.1" 200 70191 "-" "RssReader/1.0.88.0 (http://www.rssreader.com) Microsoft Windows NT 5.1.2600.0"
172.16.1.10 - hoofoos [07/Jul/2008:06:15:20 -0600] "POST /trac/instance/login/xmlrpc HTTP/1.1" 200 168 "-" "Mylyn/2.3.2 Eclipse/3.3.2 (org.eclipse.platform.ide) HttpClient/3.1 Java/1.6.0_05 (Sun) Windows XP/5.1 (x86; de_DE)"
172.16.1.10 - hoofoos [07/Jul/2008:06:15:21 -0600] "POST /trac/instance/login/xmlrpc HTTP/1.1" 200 1743 "-" "Mylyn/2.3.2 Eclipse/3.3.2 (org.eclipse.platform.ide) HttpClient/3.1 Java/1.6.0_05 (Sun) Windows XP/5.1 (x86; de_DE)"
172.16.1.44 - - [07/Jul/2008:06:28:03 -0600] "GET /rss/runblog.rss HTTP/1.1" 200 70328 "-" "RssReader/1.0.88.0 (http://www.rssreader.com) Microsoft Windows NT 5.1.2600.0"
172.16.1.10 - hoofoos [07/Jul/2008:06:35:20 -0600] "POST /trac/instance/login/xmlrpc HTTP/1.1" 200 168 "-" "Mylyn/2.3.2 Eclipse/3.3.2 (org.eclipse.platform.ide) HttpClient/3.1 Java/1.6.0_05 (Sun) Windows XP/5.1 (x86; de_DE)"
172.16.1.10 - hoofoos [07/Jul/2008:06:35:21 -0600] "POST /trac/instance/login/xmlrpc HTTP/1.1" 200 1743 "-" "Mylyn/2.3.2 Eclipse/3.3.2 (org.eclipse.platform.ide) HttpClient/3.1 Java/1.6.0_05 (Sun) Windows XP/5.1 (x86; de_DE)"
172.16.1.44 - - [07/Jul/2008:06:48:03 -0600] "GET /rss/runblog.rss HTTP/1.1" 200 70328 "-" "RssReader/1.0.88.0 (http://www.rssreader.com) Microsoft Windows NT 5.1.2600.0"
172.16.1.10 - hoofoos [07/Jul/2008:06:55:20 -0600] "POST /trac/instance/login/xmlrpc HTTP/1.1" 200 168 "-" "Mylyn/2.3.2 Eclipse/3.3.2 (org.eclipse.platform.ide) HttpClient/3.1 Java/1.6.0_05 (Sun) Windows XP/5.1 (x86; de_DE)"
172.16.1.10 - hoofoos [07/Jul/2008:06:55:20 -0600] "POST /trac/instance/login/xmlrpc HTTP/1.1" 200 1743 "-" "Mylyn/2.3.2 Eclipse/3.3.2 (org.eclipse.platform.ide) HttpClient/3.1 Java/1.6.0_05 (Sun) Windows XP/5.1 (x86; de_DE)"
172.16.1.10 - - [07/Jul/2008:07:02:21 -0600] "GET /style/stylesheet.css HTTP/1.1" 200 1419 "http://daves/dash.shtml" "Mozilla/5.0 (Windows; U; Windows NT 5.1; de; rv:1.9) Gecko/2008052906 Firefox/3.0"
172.16.1.10 - - [07/Jul/2008:07:02:20 -0600] "GET /dash.shtml HTTP/1.1" 200 6458 "-" "Mozilla/5.0 (Windows; U; Windows NT 5.1; de; rv:1.9) Gecko/2008052906 Firefox/3.0"
172.16.1.10 - - [07/Jul/2008:07:02:51 -0600] "GET /trac/instance/wiki/ProductProjects/Dismal HTTP/1.1" 200 16124 "-" "Mozilla/5.0 (Windows; U; Windows NT 5.1; de; rv:1.9) Gecko/2008052906 Firefox/3.0"
172.16.1.10 - - [07/Jul/2008:07:02:55 -0600] "GET /trac/instance/login HTTP/1.1" 401 476 "http://daves/trac/instance/wiki/ProductProjects/Dismal" "Mozilla/5.0 (Windows; U; Windows NT 5.1; de; rv:1.9) Gecko/2008052906 Firefox/3.0"
172.16.1.10 - hoofoos [07/Jul/2008:07:02:56 -0600] "GET /trac/instance/login HTTP/1.1" 302 14 "http://daves/trac/instance/wiki/ProductProjects/Dismal" "Mozilla/5.0 (Windows; U; Windows NT 5.1; de; rv:1.9) Gecko/2008052906 Firefox/3.0"
172.16.1.10 - - [07/Jul/2008:07:02:57 -0600] "GET /trac/instance/wiki/ProductProjects/Dismal HTTP/1.1" 200 17765 "http://daves/trac/instance/wiki/ProductProjects/Dismal" "Mozilla/5.0 (Windows; U; Windows NT 5.1; de; rv:1.9) Gecko/2008052906 Firefox/3.0"
172.16.1.10 - - [07/Jul/2008:07:03:02 -0600] "GET /docs/crush/ HTTP/1.1" 200 13946 "-" "Mozilla/5.0 (Windows; U; Windows NT 5.1; de; rv:1.9) Gecko/2008052906 Firefox/3.0"
172.16.1.10 - - [07/Jul/2008:07:03:03 -0600] "GET /docs/crush/crush.css HTTP/1.1" 200 1023 "http://daves/docs/crush/" "Mozilla/5.0 (Windows; U; Windows NT 5.1; de; rv:1.9) Gecko/2008052906 Firefox/3.0"
172.16.1.10 - - [07/Jul/2008:07:03:03 -0600] "GET /docs/crush/functions.js HTTP/1.1" 200 567 "http://daves/docs/crush/" "Mozilla/5.0 (Windows; U; Windows NT 5.1; de; rv:1.9) Gecko/2008052906 Firefox/3.0"
172.16.1.10 - - [07/Jul/2008:07:03:16 -0600] "GET /docs/crush/add_actual_costs.html HTTP/1.1" 200 5520 "http://daves/docs/crush/" "Mozilla/5.0 (Windows; U; Windows NT 5.1; de; rv:1.9) Gecko/2008052906 Firefox/3.0"
172.16.1.10 - - [07/Jul/2008:07:03:28 -0600] "GET /dash.shtml HTTP/1.1" 200 6441 "-" "Mozilla/5.0 (Windows; U; Windows NT 5.1; de; rv:1.9) Gecko/2008052906 Firefox/3.0"
172.16.1.10 - - [07/Jul/2008:07:04:31 -0600] "GET /dash.shtml HTTP/1.1" 200 6119 "-" "Mozilla/5.0 (Windows; U; Windows NT 5.1; de; rv:1.9) Gecko/2008052906 Firefox/3.0"
172.16.1.10 - - [07/Jul/2008:07:05:35 -0600] "GET /dash.shtml HTTP/1.1" 200 6119 "-" "Mozilla/5.0 (Windows; U; Windows NT 5.1; de; rv:1.9) Gecko/2008052906 Firefox/3.0"
172.16.1.10 - - [07/Jul/2008:07:06:38 -0600] "GET /dash.shtml HTTP/1.1" 200 6119 "-" "Mozilla/5.0 (Windows; U; Windows NT 5.1; de; rv:1.9) Gecko/2008052906 Firefox/3.0"
172.16.1.10 - hoofoos [07/Jul/2008:07:07:02 -0600] "POST /trac/instance/login/xmlrpc HTTP/1.1" 200 1710 "-" "Mylyn/2.3.2 Eclipse/3.3.2 (org.eclipse.platform.ide) HttpClient/3.1 Java/1.6.0_05 (Sun) Windows XP/5.1 (x86; de_DE)"
172.16.1.10 - hoofoos [07/Jul/2008:07:07:02 -0600] "POST /trac/instance/login/xmlrpc HTTP/1.1" 200 5723 "-" "Mylyn/2.3.2 Eclipse/3.3.2 (org.eclipse.platform.ide) HttpClient/3.1 Java/1.6.0_05 (Sun) Windows XP/5.1 (x86; de_DE)"
172.16.1.10 - hoofoos [07/Jul/2008:07:07:03 -0600] "POST /trac/instance/login/xmlrpc HTTP/1.1" 200 138 "-" "Mylyn/2.3.2 Eclipse/3.3.2 (org.eclipse.platform.ide) HttpClient/3.1 Java/1.6.0_05 (Sun) Windows XP/5.1 (x86; de_DE)"
172.16.1.10 - hoofoos [07/Jul/2008:07:07:04 -0600] "POST /trac/instance/login/xmlrpc HTTP/1.1" 200 296 "-" "Mylyn/2.3.2 Eclipse/3.3.2 (org.eclipse.platform.ide) HttpClient/3.1 Java/1.6.0_05 (Sun) Windows XP/5.1 (x86; de_DE)"
172.16.1.10 - - [07/Jul/2008:07:07:42 -0600] "GET /dash.shtml HTTP/1.1" 200 6119 "-" "Mozilla/5.0 (Windows; U; Windows NT 5.1; de; rv:1.9) Gecko/2008052906 Firefox/3.0"
172.16.1.44 - - [07/Jul/2008:07:08:05 -0600] "GET /rss/runblog.rss HTTP/1.1" 200 70314 "-" "RssReader/1.0.88.0 (http://www.rssreader.com) Microsoft Windows NT 5.1.2600.0"
172.16.1.10 - - [07/Jul/2008:07:08:45 -0600] "GET /dash.shtml HTTP/1.1" 200 6119 "-" "Mozilla/5.0 (Windows; U; Windows NT 5.1; de; rv:1.9) Gecko/2008052906 Firefox/3.0"
172.16.1.10 - - [07/Jul/2008:07:09:48 -0600] "GET /dash.shtml HTTP/1.1" 200 6119 "-" "Mozilla/5.0 (Windows; U; Windows NT 5.1; de; rv:1.9) Gecko/2008052906 Firefox/3.0"
172.16.1.10 - - [07/Jul/2008:07:10:52 -0600] "GET /dash.shtml HTTP/1.1" 200 6119 "-" "Mozilla/5.0 (Windows; U; Windows NT 5.1; de; rv:1.9) Gecko/2008052906 Firefox/3.0"
172.16.1.10 - - [07/Jul/2008:07:11:55 -0600] "GET /dash.shtml HTTP/1.1" 200 6119 "-" "Mozilla/5.0 (Windows; U; Windows NT 5.1; de; rv:1.9) Gecko/2008052906 Firefox/3.0"
172.16.1.10 - - [07/Jul/2008:07:12:59 -0600] "GET /dash.shtml HTTP/1.1" 200 6119 "-" "Mozilla/5.0 (Windows; U; Windows NT 5.1; de; rv:1.9) Gecko/2008052906 Firefox/3.0"
172.16.1.10 - - [07/Jul/2008:07:14:02 -0600] "GET /dash.shtml HTTP/1.1" 200 6119 "-" "Mozilla/5.0 (Windows; U; Windows NT 5.1; de; rv:1.9) Gecko/2008052906 Firefox/3.0"
172.16.1.10 - - [07/Jul/2008:07:15:05 -0600] "GET /dash.shtml HTTP/1.1" 200 5778 "-" "Mozilla/5.0 (Windows; U; Windows NT 5.1; de; rv:1.9) Gecko/2008052906 Firefox/3.0"
172.16.1.10 - hoofoos [07/Jul/2008:07:15:20 -0600] "POST /trac/instance/login/xmlrpc HTTP/1.1" 200 168 "-" "Mylyn/2.3.2 Eclipse/3.3.2 (org.eclipse.platform.ide) HttpClient/3.1 Java/1.6.0_05 (Sun) Windows XP/5.1 (x86; de_DE)"
172.16.1.10 - hoofoos [07/Jul/2008:07:15:20 -0600] "POST /trac/instance/login/xmlrpc HTTP/1.1" 200 1743 "-" "Mylyn/2.3.2 Eclipse/3.3.2 (org.eclipse.platform.ide) HttpClient/3.1 Java/1.6.0_05 (Sun) Windows XP/5.1 (x86; de_DE)"
172.16.1.10 - - [07/Jul/2008:07:16:09 -0600] "GET /dash.shtml HTTP/1.1" 200 5778 "-" "Mozilla/5.0 (Windows; U; Windows NT 5.1; de; rv:1.9) Gecko/2008052906 Firefox/3.0"
172.16.1.10 - - [07/Jul/2008:07:17:12 -0600] "GET /dash.shtml HTTP/1.1" 200 5778 "-" "Mozilla/5.0 (Windows; U; Windows NT 5.1; de; rv:1.9) Gecko/2008052906 Firefox/3.0"
172.16.1.10 - - [07/Jul/2008:07:18:15 -0600] "GET /dash.shtml HTTP/1.1" 200 5778 "-" "Mozilla/5.0 (Windows; U; Windows NT 5.1; de; rv:1.9) Gecko/2008052906 Firefox/3.0"
172.16.1.10 - - [07/Jul/2008:07:19:19 -0600] "GET /dash.shtml HTTP/1.1" 200 5778 "-" "Mozilla/5.0 (Windows; U; Windows NT 5.1; de; rv:1.9) Gecko/2008052906 Firefox/3.0"
172.16.1.10 - - [07/Jul/2008:07:20:22 -0600] "GET /dash.shtml HTTP/1.1" 200 5778 "-" "Mozilla/5.0 (Windows; U; Windows NT 5.1; de; rv:1.9) Gecko/2008052906 Firefox/3.0"
172.16.1.10 - - [07/Jul/2008:07:21:26 -0600] "GET /dash.shtml HTTP/1.1" 200 5778 "-" "Mozilla/5.0 (Windows; U; Windows NT 5.1; de; rv:1.9) Gecko/2008052906 Firefox/3.0"
172.16.1.10 - - [07/Jul/2008:07:22:29 -0600] "GET /dash.shtml HTTP/1.1" 200 5778 "-" "Mozilla/5.0 (Windows; U; Windows NT 5.1; de; rv:1.9) Gecko/2008052906 Firefox/3.0"
172.16.1.10 - - [07/Jul/2008:07:22:42 -0600] "GET /docs/crush/cutfield.html HTTP/1.1" 200 2464 "http://daves/docs/crush/" "Mozilla/5.0 (Windows; U; Windows NT 5.1; de; rv:1.9) Gecko/2008052906 Firefox/3.0"
172.16.1.10 - - [07/Jul/2008:07:23:33 -0600] "GET /dash.shtml HTTP/1.1" 200 5778 "-" "Mozilla/5.0 (Windows; U; Windows NT 5.1; de; rv:1.9) Gecko/2008052906 Firefox/3.0"
172.16.1.10 - - [07/Jul/2008:07:24:36 -0600] "GET /dash.shtml HTTP/1.1" 200 5778 "-" "Mozilla/5.0 (Windows; U; Windows NT 5.1; de; rv:1.9) Gecko/2008052906 Firefox/3.0"
172.16.1.10 - - [07/Jul/2008:07:25:40 -0600] "GET /dash.shtml HTTP/1.1" 200 5778 "-" "Mozilla/5.0 (Windows; U; Windows NT 5.1; de; rv:1.9) Gecko/2008052906 Firefox/3.0"
172.16.1.10 - - [07/Jul/2008:07:26:43 -0600] "GET /dash.shtml HTTP/1.1" 200 5778 "-" "Mozilla/5.0 (Windows; U; Windows NT 5.1; de; rv:1.9) Gecko/2008052906 Firefox/3.0"
172.16.1.10 - - [07/Jul/2008:07:27:46 -0600] "GET /dash.shtml HTTP/1.1" 200 5778 "-" "Mozilla/5.0 (Windows; U; Windows NT 5.1; de; rv:1.9) Gecko/2008052906 Firefox/3.0"
172.16.1.44 - - [07/Jul/2008:07:28:05 -0600] "GET /rss/runblog.rss HTTP/1.1" 200 70314 "-" "RssReader/1.0.88.0 (http://www.rssreader.com) Microsoft Windows NT 5.1.2600.0"
172.16.1.10 - - [07/Jul/2008:07:28:50 -0600] "GET /dash.shtml HTTP/1.1" 200 5778 "-" "Mozilla/5.0 (Windows; U; Windows NT 5.1; de; rv:1.9) Gecko/2008052906 Firefox/3.0"
172.16.1.10 - - [07/Jul/2008:07:29:53 -0600] "GET /dash.shtml HTTP/1.1" 200 5778 "-" "Mozilla/5.0 (Windows; U; Windows NT 5.1; de; rv:1.9) Gecko/2008052906 Firefox/3.0"
172.16.1.10 - - [07/Jul/2008:07:30:57 -0600] "GET /dash.shtml HTTP/1.1" 200 6117 "-" "Mozilla/5.0 (Windows; U; Windows NT 5.1; de; rv:1.9) Gecko/2008052906 Firefox/3.0"
172.16.1.10 - - [07/Jul/2008:07:32:00 -0600] "GET /dash.shtml HTTP/1.1" 200 6117 "-" "Mozilla/5.0 (Windows; U; Windows NT 5.1; de; rv:1.9) Gecko/2008052906 Firefox/3.0"
172.16.1.10 - - [07/Jul/2008:07:33:04 -0600] "GET /dash.shtml HTTP/1.1" 200 5423 "-" "Mozilla/5.0 (Windows; U; Windows NT 5.1; de; rv:1.9) Gecko/2008052906 Firefox/3.0"
172.16.1.10 - - [07/Jul/2008:07:34:07 -0600] "GET /dash.shtml HTTP/1.1" 200 5423 "-" "Mozilla/5.0 (Windows; U; Windows NT 5.1; de; rv:1.9) Gecko/2008052906 Firefox/3.0"
172.16.1.10 - - [07/Jul/2008:07:35:10 -0600] "GET /dash.shtml HTTP/1.1" 200 5423 "-" "Mozilla/5.0 (Windows; U; Windows NT 5.1; de; rv:1.9) Gecko/2008052906 Firefox/3.0"
172.16.1.10 - hoofoos [07/Jul/2008:07:35:20 -0600] "POST /trac/instance/login/xmlrpc HTTP/1.1" 200 168 "-" "Mylyn/2.3.2 Eclipse/3.3.2 (org.eclipse.platform.ide) HttpClient/3.1 Java/1.6.0_05 (Sun) Windows XP/5.1 (x86; de_DE)"
172.16.1.10 - hoofoos [07/Jul/2008:07:35:21 -0600] "POST /trac/instance/login/xmlrpc HTTP/1.1" 200 1743 "-" "Mylyn/2.3.2 Eclipse/3.3.2 (org.eclipse.platform.ide) HttpClient/3.1 Java/1.6.0_05 (Sun) Windows XP/5.1 (x86; de_DE)"
172.16.1.10 - - [07/Jul/2008:07:36:14 -0600] "GET /dash.shtml HTTP/1.1" 200 5423 "-" "Mozilla/5.0 (Windows; U; Windows NT 5.1; de; rv:1.9) Gecko/2008052906 Firefox/3.0"
172.16.1.10 - - [07/Jul/2008:07:37:17 -0600] "GET /dash.shtml HTTP/1.1" 200 5423 "-" "Mozilla/5.0 (Windows; U; Windows NT 5.1; de; rv:1.9) Gecko/2008052906 Firefox/3.0"
172.16.1.10 - - [07/Jul/2008:07:38:21 -0600] "GET /dash.shtml HTTP/1.1" 200 5754 "-" "Mozilla/5.0 (Windows; U; Windows NT 5.1; de; rv:1.9) Gecko/2008052906 Firefox/3.0"
172.16.1.10 - - [07/Jul/2008:07:39:24 -0600] "GET /dash.shtml HTTP/1.1" 200 5754 "-" "Mozilla/5.0 (Windows; U; Windows NT 5.1; de; rv:1.9) Gecko/2008052906 Firefox/3.0"
172.16.1.10 - - [07/Jul/2008:07:40:28 -0600] "GET /dash.shtml HTTP/1.1" 200 5754 "-" "Mozilla/5.0 (Windows; U; Windows NT 5.1; de; rv:1.9) Gecko/2008052906 Firefox/3.0"
172.16.1.10 - - [07/Jul/2008:07:41:31 -0600] "GET /dash.shtml HTTP/1.1" 200 5754 "-" "Mozilla/5.0 (Windows; U; Windows NT 5.1; de; rv:1.9) Gecko/2008052906 Firefox/3.0"
172.16.1.10 - - [07/Jul/2008:07:42:35 -0600] "GET /dash.shtml HTTP/1.1" 200 5754 "-" "Mozilla/5.0 (Windows; U; Windows NT 5.1; de; rv:1.9) Gecko/2008052906 Firefox/3.0"
172.16.1.10 - - [07/Jul/2008:07:43:38 -0600] "GET /dash.shtml HTTP/1.1" 200 5754 "-" "Mozilla/5.0 (Windows; U; Windows NT 5.1; de; rv:1.9) Gecko/2008052906 Firefox/3.0"
172.16.1.10 - - [07/Jul/2008:07:44:42 -0600] "GET /dash.shtml HTTP/1.1" 200 5754 "-" "Mozilla/5.0 (Windows; U; Windows NT 5.1; de; rv:1.9) Gecko/2008052906 Firefox/3.0"
172.16.1.10 - - [07/Jul/2008:07:45:45 -0600] "GET /dash.shtml HTTP/1.1" 200 5754 "-" "Mozilla/5.0 (Windows; U; Windows NT 5.1; de; rv:1.9) Gecko/2008052906 Firefox/3.0"
172.16.1.10 - - [07/Jul/2008:07:46:49 -0600] "GET /dash.shtml HTTP/1.1" 200 5754 "-" "Mozilla/5.0 (Windows; U; Windows NT 5.1; de; rv:1.9) Gecko/2008052906 Firefox/3.0"
172.16.1.10 - - [07/Jul/2008:07:47:52 -0600] "GET /dash.shtml HTTP/1.1" 200 5754 "-" "Mozilla/5.0 (Windows; U; Windows NT 5.1; de; rv:1.9) Gecko/2008052906 Firefox/3.0"
172.16.1.44 - - [07/Jul/2008:07:48:05 -0600] "GET /rss/runblog.rss HTTP/1.1" 200 70317 "-" "RssReader/1.0.88.0 (http://www.rssreader.com) Microsoft Windows NT 5.1.2600.0"
172.16.1.10 - - [07/Jul/2008:07:48:55 -0600] "GET /dash.shtml HTTP/1.1" 200 5754 "-" "Mozilla/5.0 (Windows; U; Windows NT 5.1; de; rv:1.9) Gecko/2008052906 Firefox/3.0"
172.16.1.10 - - [07/Jul/2008:07:49:59 -0600] "GET /dash.shtml HTTP/1.1" 200 5754 "-" "Mozilla/5.0 (Windows; U; Windows NT 5.1; de; rv:1.9) Gecko/2008052906 Firefox/3.0"
172.16.1.10 - - [07/Jul/2008:07:51:02 -0600] "GET /dash.shtml HTTP/1.1" 200 5754 "-" "Mozilla/5.0 (Windows; U; Windows NT 5.1; de; rv:1.9) Gecko/2008052906 Firefox/3.0"
172.16.1.10 - - [07/Jul/2008:07:52:06 -0600] "GET /dash.shtml HTTP/1.1" 200 5754 "-" "Mozilla/5.0 (Windows; U; Windows NT 5.1; de; rv:1.9) Gecko/2008052906 Firefox/3.0"
172.16.1.10 - - [07/Jul/2008:07:53:09 -0600] "GET /dash.shtml HTTP/1.1" 200 5754 "-" "Mozilla/5.0 (Windows; U; Windows NT 5.1; de; rv:1.9) Gecko/2008052906 Firefox/3.0"
172.16.1.10 - - [07/Jul/2008:07:54:12 -0600] "GET /dash.shtml HTTP/1.1" 200 5754 "-" "Mozilla/5.0 (Windows; U; Windows NT 5.1; de; rv:1.9) Gecko/2008052906 Firefox/3.0"
172.16.1.10 - - [07/Jul/2008:07:55:16 -0600] "GET /dash.shtml HTTP/1.1" 200 5754 "-" "Mozilla/5.0 (Windows; U; Windows NT 5.1; de; rv:1.9) Gecko/2008052906 Firefox/3.0"
172.16.1.10 - hoofoos [07/Jul/2008:07:55:20 -0600] "POST /trac/instance/login/xmlrpc HTTP/1.1" 200 168 "-" "Mylyn/2.3.2 Eclipse/3.3.2 (org.eclipse.platform.ide) HttpClient/3.1 Java/1.6.0_05 (Sun) Windows XP/5.1 (x86; de_DE)"
172.16.1.10 - hoofoos [07/Jul/2008:07:55:20 -0600] "POST /trac/instance/login/xmlrpc HTTP/1.1" 200 1743 "-" "Mylyn/2.3.2 Eclipse/3.3.2 (org.eclipse.platform.ide) HttpClient/3.1 Java/1.6.0_05 (Sun) Windows XP/5.1 (x86; de_DE)"
172.16.1.10 - - [07/Jul/2008:07:56:19 -0600] "GET /dash.shtml HTTP/1.1" 200 5754 "-" "Mozilla/5.0 (Windows; U; Windows NT 5.1; de; rv:1.9) Gecko/2008052906 Firefox/3.0"
172.16.1.10 - - [07/Jul/2008:07:57:22 -0600] "GET /dash.shtml HTTP/1.1" 200 5754 "-" "Mozilla/5.0 (Windows; U; Windows NT 5.1; de; rv:1.9) Gecko/2008052906 Firefox/3.0"
172.16.1.10 - - [07/Jul/2008:07:58:26 -0600] "GET /dash.shtml HTTP/1.1" 200 5754 "-" "Mozilla/5.0 (Windows; U; Windows NT 5.1; de; rv:1.9) Gecko/2008052906 Firefox/3.0"
172.16.1.62 - - [07/Jul/2008:07:58:45 -0600] "GET / HTTP/1.1" 200 662 "-" "Mozilla/5.0 (Windows; U; Windows NT 5.1; en-US; rv:1.9) Gecko/2008052906 Firefox/3.0"
172.16.1.62 - - [07/Jul/2008:07:58:46 -0600] "GET /style/stylesheet.css HTTP/1.1" 200 1419 "http://daves/" "Mozilla/5.0 (Windows; U; Windows NT 5.1; en-US; rv:1.9) Gecko/2008052906 Firefox/3.0"
172.16.1.62 - - [07/Jul/2008:07:58:46 -0600] "GET /favicon.ico HTTP/1.1" 403 304 "-" "Mozilla/5.0 (Windows; U; Windows NT 5.1; en-US; rv:1.9) Gecko/2008052906 Firefox/3.0"
172.16.1.62 - - [07/Jul/2008:07:58:49 -0600] "GET /favicon.ico HTTP/1.1" 403 304 "-" "Mozilla/5.0 (Windows; U; Windows NT 5.1; en-US; rv:1.9) Gecko/2008052906 Firefox/3.0"
172.16.1.10 - - [07/Jul/2008:07:59:29 -0600] "GET /dash.shtml HTTP/1.1" 200 5754 "-" "Mozilla/5.0 (Windows; U; Windows NT 5.1; de; rv:1.9) Gecko/2008052906 Firefox/3.0"
172.16.1.10 - - [07/Jul/2008:08:00:33 -0600] "GET /dash.shtml HTTP/1.1" 200 6093 "-" "Mozilla/5.0 (Windows; U; Windows NT 5.1; de; rv:1.9) Gecko/2008052906 Firefox/3.0"
172.16.1.10 - - [07/Jul/2008:08:01:37 -0600] "GET /dash.shtml HTTP/1.1" 200 6093 "-" "Mozilla/5.0 (Windows; U; Windows NT 5.1; de; rv:1.9) Gecko/2008052906 Firefox/3.0"
172.16.1.10 - - [07/Jul/2008:08:02:40 -0600] "GET /dash.shtml HTTP/1.1" 200 5754 "-" "Mozilla/5.0 (Windows; U; Windows NT 5.1; de; rv:1.9) Gecko/2008052906 Firefox/3.0"
172.16.1.10 - - [07/Jul/2008:08:03:44 -0600] "GET /dash.shtml HTTP/1.1" 200 6436 "-" "Mozilla/5.0 (Windows; U; Windows NT 5.1; de; rv:1.9) Gecko/2008052906 Firefox/3.0"
172.16.1.10 - - [07/Jul/2008:08:04:47 -0600] "GET /dash.shtml HTTP/1.1" 200 6436 "-" "Mozilla/5.0 (Windows; U; Windows NT 5.1; de; rv:1.9) Gecko/2008052906 Firefox/3.0"
172.16.1.10 - - [07/Jul/2008:08:05:51 -0600] "GET /dash.shtml HTTP/1.1" 200 7263 "-" "Mozilla/5.0 (Windows; U; Windows NT 5.1; de; rv:1.9) Gecko/2008052906 Firefox/3.0"
172.16.1.10 - - [07/Jul/2008:08:05:54 -0600] "GET /images/wrench.gif HTTP/1.1" 200 171 "http://daves/dash.shtml" "Mozilla/5.0 (Windows; U; Windows NT 5.1; de; rv:1.9) Gecko/2008052906 Firefox/3.0"
172.16.1.10 - - [07/Jul/2008:08:06:54 -0600] "GET /dash.shtml HTTP/1.1" 200 7611 "-" "Mozilla/5.0 (Windows; U; Windows NT 5.1; de; rv:1.9) Gecko/2008052906 Firefox/3.0"
172.16.1.10 - - [07/Jul/2008:08:07:58 -0600] "GET /dash.shtml HTTP/1.1" 200 8254 "-" "Mozilla/5.0 (Windows; U; Windows NT 5.1; de; rv:1.9) Gecko/2008052906 Firefox/3.0"
172.16.1.44 - - [07/Jul/2008:08:08:05 -0600] "GET /rss/runblog.rss HTTP/1.1" 200 70202 "-" "RssReader/1.0.88.0 (http://www.rssreader.com) Microsoft Windows NT 5.1.2600.0"
172.16.1.10 - - [07/Jul/2008:08:09:01 -0600] "GET /dash.shtml HTTP/1.1" 200 8660 "-" "Mozilla/5.0 (Windows; U; Windows NT 5.1; de; rv:1.9) Gecko/2008052906 Firefox/3.0"
172.16.1.10 - - [07/Jul/2008:08:10:05 -0600] "GET /dash.shtml HTTP/1.1" 200 8669 "-" "Mozilla/5.0 (Windows; U; Windows NT 5.1; de; rv:1.9) Gecko/2008052906 Firefox/3.0"
172.16.1.10 - - [07/Jul/2008:08:11:08 -0600] "GET /dash.shtml HTTP/1.1" 200 8669 "-" "Mozilla/5.0 (Windows; U; Windows NT 5.1; de; rv:1.9) Gecko/2008052906 Firefox/3.0"
172.16.1.10 - - [07/Jul/2008:08:12:12 -0600] "GET /dash.shtml HTTP/1.1" 200 8669 "-" "Mozilla/5.0 (Windows; U; Windows NT 5.1; de; rv:1.9) Gecko/2008052906 Firefox/3.0"
172.16.1.10 - - [07/Jul/2008:08:13:15 -0600] "GET /dash.shtml HTTP/1.1" 200 11175 "-" "Mozilla/5.0 (Windows; U; Windows NT 5.1; de; rv:1.9) Gecko/2008052906 Firefox/3.0"
172.16.1.10 - - [07/Jul/2008:08:14:00 -0600] "GET /trac/instance HTTP/1.1" 200 10060 "-" "Mozilla/5.0 (Windows; U; Windows NT 5.1; de; rv:1.9) Gecko/2008052906 Firefox/3.0"
172.16.1.10 - - [07/Jul/2008:08:14:05 -0600] "GET /trac/instance/wiki/ProductProjects HTTP/1.1" 200 6194 "http://daves/trac/instance" "Mozilla/5.0 (Windows; U; Windows NT 5.1; de; rv:1.9) Gecko/2008052906 Firefox/3.0"
172.16.1.10 - - [07/Jul/2008:08:14:19 -0600] "GET /dash.shtml HTTP/1.1" 200 11175 "-" "Mozilla/5.0 (Windows; U; Windows NT 5.1; de; rv:1.9) Gecko/2008052906 Firefox/3.0"
172.16.1.10 - hoofoos [07/Jul/2008:08:15:20 -0600] "POST /trac/instance/login/xmlrpc HTTP/1.1" 200 168 "-" "Mylyn/2.3.2 Eclipse/3.3.2 (org.eclipse.platform.ide) HttpClient/3.1 Java/1.6.0_05 (Sun) Windows XP/5.1 (x86; de_DE)"
172.16.1.10 - hoofoos [07/Jul/2008:08:15:20 -0600] "POST /trac/instance/login/xmlrpc HTTP/1.1" 200 1743 "-" "Mylyn/2.3.2 Eclipse/3.3.2 (org.eclipse.platform.ide) HttpClient/3.1 Java/1.6.0_05 (Sun) Windows XP/5.1 (x86; de_DE)"
172.16.1.10 - - [07/Jul/2008:08:15:22 -0600] "GET /dash.shtml HTTP/1.1" 200 10101 "-" "Mozilla/5.0 (Windows; U; Windows NT 5.1; de; rv:1.9) Gecko/2008052906 Firefox/3.0"
172.16.1.10 - - [07/Jul/2008:08:16:26 -0600] "GET /dash.shtml HTTP/1.1" 200 8669 "-" "Mozilla/5.0 (Windows; U; Windows NT 5.1; de; rv:1.9) Gecko/2008052906 Firefox/3.0"
172.16.1.10 - - [07/Jul/2008:08:17:29 -0600] "GET /dash.shtml HTTP/1.1" 200 8669 "-" "Mozilla/5.0 (Windows; U; Windows NT 5.1; de; rv:1.9) Gecko/2008052906 Firefox/3.0"
172.16.1.10 - - [07/Jul/2008:08:18:32 -0600] "GET /dash.shtml HTTP/1.1" 200 8669 "-" "Mozilla/5.0 (Windows; U; Windows NT 5.1; de; rv:1.9) Gecko/2008052906 Firefox/3.0"
172.16.1.10 - - [07/Jul/2008:08:19:36 -0600] "GET /dash.shtml HTTP/1.1" 200 8669 "-" "Mozilla/5.0 (Windows; U; Windows NT 5.1; de; rv:1.9) Gecko/2008052906 Firefox/3.0"
172.16.1.10 - - [07/Jul/2008:08:20:39 -0600] "GET /dash.shtml HTTP/1.1" 200 8669 "-" "Mozilla/5.0 (Windows; U; Windows NT 5.1; de; rv:1.9) Gecko/2008052906 Firefox/3.0"
172.16.1.10 - - [07/Jul/2008:08:21:43 -0600] "GET /dash.shtml HTTP/1.1" 200 8338 "-" "Mozilla/5.0 (Windows; U; Windows NT 5.1; de; rv:1.9) Gecko/2008052906 Firefox/3.0"
172.16.1.10 - - [07/Jul/2008:08:22:47 -0600] "GET /dash.shtml HTTP/1.1" 200 8017 "-" "Mozilla/5.0 (Windows; U; Windows NT 5.1; de; rv:1.9) Gecko/2008052906 Firefox/3.0"
172.16.1.10 - - [07/Jul/2008:08:23:50 -0600] "GET /dash.shtml HTTP/1.1" 200 8337 "-" "Mozilla/5.0 (Windows; U; Windows NT 5.1; de; rv:1.9) Gecko/2008052906 Firefox/3.0"
172.16.1.10 - - [07/Jul/2008:08:24:54 -0600] "GET /dash.shtml HTTP/1.1" 200 8337 "-" "Mozilla/5.0 (Windows; U; Windows NT 5.1; de; rv:1.9) Gecko/2008052906 Firefox/3.0"
172.16.1.10 - - [07/Jul/2008:08:25:57 -0600] "GET /dash.shtml HTTP/1.1" 200 8337 "-" "Mozilla/5.0 (Windows; U; Windows NT 5.1; de; rv:1.9) Gecko/2008052906 Firefox/3.0"
172.16.1.10 - - [07/Jul/2008:08:27:01 -0600] "GET /dash.shtml HTTP/1.1" 200 8337 "-" "Mozilla/5.0 (Windows; U; Windows NT 5.1; de; rv:1.9) Gecko/2008052906 Firefox/3.0"
172.16.1.44 - - [07/Jul/2008:08:28:05 -0600] "GET /rss/runblog.rss HTTP/1.1" 200 70232 "-" "RssReader/1.0.88.0 (http://www.rssreader.com) Microsoft Windows NT 5.1.2600.0"
172.16.1.10 - - [07/Jul/2008:08:28:04 -0600] "GET /dash.shtml HTTP/1.1" 200 8337 "-" "Mozilla/5.0 (Windows; U; Windows NT 5.1; de; rv:1.9) Gecko/2008052906 Firefox/3.0"
172.16.1.10 - - [07/Jul/2008:08:29:08 -0600] "GET /dash.shtml HTTP/1.1" 200 8337 "-" "Mozilla/5.0 (Windows; U; Windows NT 5.1; de; rv:1.9) Gecko/2008052906 Firefox/3.0"
172.16.1.10 - - [07/Jul/2008:08:30:11 -0600] "GET /dash.shtml HTTP/1.1" 200 9335 "-" "Mozilla/5.0 (Windows; U; Windows NT 5.1; de; rv:1.9) Gecko/2008052906 Firefox/3.0"
172.16.1.10 - - [07/Jul/2008:08:31:15 -0600] "GET /dash.shtml HTTP/1.1" 200 8676 "-" "Mozilla/5.0 (Windows; U; Windows NT 5.1; de; rv:1.9) Gecko/2008052906 Firefox/3.0"
172.16.1.10 - - [07/Jul/2008:08:32:19 -0600] "GET /dash.shtml HTTP/1.1" 200 8676 "-" "Mozilla/5.0 (Windows; U; Windows NT 5.1; de; rv:1.9) Gecko/2008052906 Firefox/3.0"
172.16.1.10 - - [07/Jul/2008:08:33:23 -0600] "GET /dash.shtml HTTP/1.1" 200 8659 "-" "Mozilla/5.0 (Windows; U; Windows NT 5.1; de; rv:1.9) Gecko/2008052906 Firefox/3.0"
172.16.1.10 - - [07/Jul/2008:08:34:26 -0600] "GET /dash.shtml HTTP/1.1" 200 8659 "-" "Mozilla/5.0 (Windows; U; Windows NT 5.1; de; rv:1.9) Gecko/2008052906 Firefox/3.0"
