172.16.1.10 - hoofoos [07/Jul/2008:08:35:20 -0600] "POST /trac/instance/login/xmlrpc HTTP/1.1" 200 168 "-" "Mylyn/2.3.2 Eclipse/3.3.2 (org.eclipse.platform.ide) HttpClient/3.1 Java/1.6.0_05 (Sun) Windows XP/5.1 (x86; de_DE)"
172.16.1.10 - hoofoos [07/Jul/2008:08:35:20 -0600] "POST /trac/instance/login/xmlrpc HTTP/1.1" 200 1743 "-" "Mylyn/2.3.2 Eclipse/3.3.2 (org.eclipse.platform.ide) HttpClient/3.1 Java/1.6.0_05 (Sun) Windows XP/5.1 (x86; de_DE)"
172.16.1.10 - - [07/Jul/2008:08:35:29 -0600] "GET /dash.shtml HTTP/1.1" 200 8337 "-" "Mozilla/5.0 (Windows; U; Windows NT 5.1; de; rv:1.9) Gecko/2008052906 Firefox/3.0"
172.16.1.10 - - [07/Jul/2008:08:36:33 -0600] "GET /dash.shtml HTTP/1.1" 200 8337 "-" "Mozilla/5.0 (Windows; U; Windows NT 5.1; de; rv:1.9) Gecko/2008052906 Firefox/3.0"
172.16.1.10 - - [07/Jul/2008:08:37:37 -0600] "GET /dash.shtml HTTP/1.1" 200 8337 "-" "Mozilla/5.0 (Windows; U; Windows NT 5.1; de; rv:1.9) Gecko/2008052906 Firefox/3.0"
172.16.1.10 - - [07/Jul/2008:08:38:40 -0600] "GET /dash.shtml HTTP/1.1" 200 8337 "-" "Mozilla/5.0 (Windows; U; Windows NT 5.1; de; rv:1.9) Gecko/2008052906 Firefox/3.0"
172.16.1.10 - - [07/Jul/2008:08:39:43 -0600] "GET /dash.shtml HTTP/1.1" 200 8337 "-" "Mozilla/5.0 (Windows; U; Windows NT 5.1; de; rv:1.9) Gecko/2008052906 Firefox/3.0"
172.16.1.10 - - [07/Jul/2008:08:40:47 -0600] "GET /dash.shtml HTTP/1.1" 200 8337 "-" "Mozilla/5.0 (Windows; U; Windows NT 5.1; de; rv:1.9) Gecko/2008052906 Firefox/3.0"
172.16.1.10 - - [07/Jul/2008:08:41:50 -0600] "GET /dash.shtml HTTP/1.1" 200 8337 "-" "Mozilla/5.0 (Windows; U; Windows NT 5.1; de; rv:1.9) Gecko/2008052906 Firefox/3.0"
172.16.1.10 - - [07/Jul/2008:08:42:54 -0600] "GET /dash.shtml HTTP/1.1" 200 8337 "-" "Mozilla/5.0 (Windows; U; Windows NT 5.1; de; rv:1.9) Gecko/2008052906 Firefox/3.0"
172.16.1.10 - - [07/Jul/2008:08:43:57 -0600] "GET /dash.shtml HTTP/1.1" 200 8337 "-" "Mozilla/5.0 (Windows; U; Windows NT 5.1; de; rv:1.9) Gecko/2008052906 Firefox/3.0"
172.16.1.10 - - [07/Jul/2008:08:45:01 -0600] "GET /dash.shtml HTTP/1.1" 200 8337 "-" "Mozilla/5.0 (Windows; U; Windows NT 5.1; de; rv:1.9) Gecko/2008052906 Firefox/3.0"
172.16.1.10 - - [07/Jul/2008:08:46:04 -0600] "GET /dash.shtml HTTP/1.1" 200 8337 "-" "Mozilla/5.0 (Windows; U; Windows NT 5.1; de; rv:1.9) Gecko/2008052906 Firefox/3.0"
172.16.1.10 - - [07/Jul/2008:08:47:08 -0600] "GET /dash.shtml HTTP/1.1" 200 8337 "-" "Mozilla/5.0 (Windows; U; Windows NT 5.1; de; rv:1.9) Gecko/2008052906 Firefox/3.0"
172.16.1.44 - - [07/Jul/2008:08:48:05 -0600] "GET /rss/runblog.rss HTTP/1.1" 200 70232 "-" "RssReader/1.0.88.0 (http://www.rssreader.com) Microsoft Windows NT 5.1.2600.0"
172.16.1.10 - - [07/Jul/2008:08:48:11 -0600] "GET /dash.shtml HTTP/1.1" 200 8337 "-" "Mozilla/5.0 (Windows; U; Windows NT 5.1; de; rv:1.9) Gecko/2008052906 Firefox/3.0"
172.16.1.10 - - [07/Jul/2008:08:49:14 -0600] "GET /dash.shtml HTTP/1.1" 200 8337 "-" "Mozilla/5.0 (Windows; U; Windows NT 5.1; de; rv:1.9) Gecko/2008052906 Firefox/3.0"
172.16.1.10 - - [07/Jul/2008:08:50:18 -0600] "GET /dash.shtml HTTP/1.1" 200 8337 "-" "Mozilla/5.0 (Windows; U; Windows NT 5.1; de; rv:1.9) Gecko/2008052906 Firefox/3.0"
172.16.1.10 - - [07/Jul/2008:08:51:22 -0600] "GET /dash.shtml HTTP/1.1" 200 8699 "-" "Mozilla/5.0 (Windows; U; Windows NT 5.1; de; rv:1.9) Gecko/2008052906 Firefox/3.0"
172.16.1.10 - - [07/Jul/2008:08:52:25 -0600] "GET /dash.shtml HTTP/1.1" 200 8699 "-" "Mozilla/5.0 (Windows; U; Windows NT 5.1; de; rv:1.9) Gecko/2008052906 Firefox/3.0"
172.16.1.10 - - [07/Jul/2008:08:53:28 -0600] "GET /dash.shtml HTTP/1.1" 200 8699 "-" "Mozilla/5.0 (Windows; U; Windows NT 5.1; de; rv:1.9) Gecko/2008052906 Firefox/3.0"
172.16.1.62 - - [07/Jul/2008:08:53:40 -0600] "GET /app HTTP/1.1" 401 492 "-" "Mozilla/5.0 (Windows; U; Windows NT 5.1; en-US; rv:1.9) Gecko/2008052906 Firefox/3.0"
172.16.1.62 - snim [07/Jul/2008:08:53:47 -0600] "GET /app HTTP/1.1" 301 335 "-" "Mozilla/5.0 (Windows; U; Windows NT 5.1; en-US; rv:1.9) Gecko/2008052906 Firefox/3.0"
172.16.1.62 - snim [07/Jul/2008:08:53:48 -0600] "GET /app/ HTTP/1.1" 200 515 "-" "Mozilla/5.0 (Windows; U; Windows NT 5.1; en-US; rv:1.9) Gecko/2008052906 Firefox/3.0"
172.16.1.62 - snim [07/Jul/2008:08:53:48 -0600] "GET /app/stylesheet.css HTTP/1.1" 200 1394 "http://daves/app/" "Mozilla/5.0 (Windows; U; Windows NT 5.1; en-US; rv:1.9) Gecko/2008052906 Firefox/3.0"
172.16.1.62 - snim [07/Jul/2008:08:53:48 -0600] "GET /app/header.html HTTP/1.1" 200 452 "http://daves/app/" "Mozilla/5.0 (Windows; U; Windows NT 5.1; en-US; rv:1.9) Gecko/2008052906 Firefox/3.0"
172.16.1.62 - snim [07/Jul/2008:08:53:48 -0600] "GET /app/navigation.html HTTP/1.1" 200 1172 "http://daves/app/" "Mozilla/5.0 (Windows; U; Windows NT 5.1; en-US; rv:1.9) Gecko/2008052906 Firefox/3.0"
172.16.1.62 - - [07/Jul/2008:08:53:48 -0600] "GET /images/dclk_logo.gif HTTP/1.1" 200 2785 "http://daves/app/header.html" "Mozilla/5.0 (Windows; U; Windows NT 5.1; en-US; rv:1.9) Gecko/2008052906 Firefox/3.0"
172.16.1.62 - snim [07/Jul/2008:08:53:48 -0600] "GET /cgi-bin/app/status.cgi HTTP/1.1" 200 1455 "http://daves/app/" "Mozilla/5.0 (Windows; U; Windows NT 5.1; en-US; rv:1.9) Gecko/2008052906 Firefox/3.0"
172.16.1.62 - snim [07/Jul/2008:08:53:53 -0600] "GET /cgi-bin/app/config.cgi HTTP/1.1" 200 1969 "http://daves/app/navigation.html" "Mozilla/5.0 (Windows; U; Windows NT 5.1; en-US; rv:1.9) Gecko/2008052906 Firefox/3.0"
172.16.1.10 - - [07/Jul/2008:08:54:32 -0600] "GET /dash.shtml HTTP/1.1" 200 8699 "-" "Mozilla/5.0 (Windows; U; Windows NT 5.1; de; rv:1.9) Gecko/2008052906 Firefox/3.0"
172.16.1.10 - hoofoos [07/Jul/2008:08:55:20 -0600] "POST /trac/instance/login/xmlrpc HTTP/1.1" 200 168 "-" "Mylyn/2.3.2 Eclipse/3.3.2 (org.eclipse.platform.ide) HttpClient/3.1 Java/1.6.0_05 (Sun) Windows XP/5.1 (x86; de_DE)"
172.16.1.10 - hoofoos [07/Jul/2008:08:55:20 -0600] "POST /trac/instance/login/xmlrpc HTTP/1.1" 200 1743 "-" "Mylyn/2.3.2 Eclipse/3.3.2 (org.eclipse.platform.ide) HttpClient/3.1 Java/1.6.0_05 (Sun) Windows XP/5.1 (x86; de_DE)"
172.16.1.10 - - [07/Jul/2008:08:55:35 -0600] "GET /dash.shtml HTTP/1.1" 200 8699 "-" "Mozilla/5.0 (Windows; U; Windows NT 5.1; de; rv:1.9) Gecko/2008052906 Firefox/3.0"
172.16.1.10 - - [07/Jul/2008:08:56:39 -0600] "GET /dash.shtml HTTP/1.1" 200 8699 "-" "Mozilla/5.0 (Windows; U; Windows NT 5.1; de; rv:1.9) Gecko/2008052906 Firefox/3.0"
172.16.1.10 - - [07/Jul/2008:08:56:48 -0600] "GET /cgi-bin/dash/exec_details_widget.cgi? HTTP/1.1" 200 2154 "http://daves/dash.shtml" "Mozilla/5.0 (Windows; U; Windows NT 5.1; de; rv:1.9) Gecko/2008052906 Firefox/3.0"
172.16.1.10 - - [07/Jul/2008:08:56:59 -0600] "GET /cgi-bin/dash/exec_details_widget.cgi? HTTP/1.1" 200 2178 "http://daves/dash.shtml" "Mozilla/5.0 (Windows; U; Windows NT 5.1; de; rv:1.9) Gecko/2008052906 Firefox/3.0"
172.16.1.10 - - [07/Jul/2008:08:57:42 -0600] "GET /dash.shtml HTTP/1.1" 200 8699 "-" "Mozilla/5.0 (Windows; U; Windows NT 5.1; de; rv:1.9) Gecko/2008052906 Firefox/3.0"
172.16.1.10 - - [07/Jul/2008:08:58:46 -0600] "GET /dash.shtml HTTP/1.1" 200 8699 "-" "Mozilla/5.0 (Windows; U; Windows NT 5.1; de; rv:1.9) Gecko/2008052906 Firefox/3.0"
172.16.1.10 - - [07/Jul/2008:08:59:49 -0600] "GET /dash.shtml HTTP/1.1" 200 8699 "-" "Mozilla/5.0 (Windows; U; Windows NT 5.1; de; rv:1.9) Gecko/2008052906 Firefox/3.0"
172.16.1.10 - - [07/Jul/2008:09:00:52 -0600] "GET /dash.shtml HTTP/1.1" 200 9038 "-" "Mozilla/5.0 (Windows; U; Windows NT 5.1; de; rv:1.9) Gecko/2008052906 Firefox/3.0"
172.16.1.10 - - [07/Jul/2008:09:01:56 -0600] "GET /dash.shtml HTTP/1.1" 200 9038 "-" "Mozilla/5.0 (Windows; U; Windows NT 5.1; de; rv:1.9) Gecko/2008052906 Firefox/3.0"
172.16.1.10 - - [07/Jul/2008:09:03:00 -0600] "GET /dash.shtml HTTP/1.1" 200 8699 "-" "Mozilla/5.0 (Windows; U; Windows NT 5.1; de; rv:1.9) Gecko/2008052906 Firefox/3.0"
172.16.1.10 - - [07/Jul/2008:09:04:03 -0600] "GET /dash.shtml HTTP/1.1" 200 8699 "-" "Mozilla/5.0 (Windows; U; Windows NT 5.1; de; rv:1.9) Gecko/2008052906 Firefox/3.0"
172.16.1.10 - - [07/Jul/2008:09:05:07 -0600] "GET /dash.shtml HTTP/1.1" 200 8699 "-" "Mozilla/5.0 (Windows; U; Windows NT 5.1; de; rv:1.9) Gecko/2008052906 Firefox/3.0"
172.16.1.10 - - [07/Jul/2008:09:06:10 -0600] "GET /dash.shtml HTTP/1.1" 200 8699 "-" "Mozilla/5.0 (Windows; U; Windows NT 5.1; de; rv:1.9) Gecko/2008052906 Firefox/3.0"
172.16.1.12 - - [07/Jul/2008:09:06:24 -0600] "GET /cgi-bin/dash/dash.cgi HTTP/1.1" 200 8366 "-" "Mozilla/5.0 (Windows; U; Windows NT 5.2; en-US; rv:1.8.1.14) Gecko/20080404 Firefox/2.0.0.14"
172.16.1.12 - - [07/Jul/2008:09:06:44 -0600] "GET /cgi-bin/dash/exec_details_widget.cgi? HTTP/1.1" 200 2154 "http://daves/cgi-bin/dash/dash.cgi" "Mozilla/5.0 (Windows; U; Windows NT 5.2; en-US; rv:1.8.1.14) Gecko/20080404 Firefox/2.0.0.14"
172.16.1.12 - - [07/Jul/2008:09:06:54 -0600] "GET /cgi-bin/dash/exec_details_widget.cgi? HTTP/1.1" 200 2178 "http://daves/cgi-bin/dash/dash.cgi" "Mozilla/5.0 (Windows; U; Windows NT 5.2; en-US; rv:1.8.1.14) Gecko/20080404 Firefox/2.0.0.14"
172.16.1.12 - - [07/Jul/2008:09:07:11 -0600] "GET /cgi-bin/dash/dash.cgi HTTP/1.1" 200 8366 "-" "Mozilla/5.0 (Windows; U; Windows NT 5.2; en-US; rv:1.8.1.14) Gecko/20080404 Firefox/2.0.0.14"
172.16.1.10 - - [07/Jul/2008:09:07:14 -0600] "GET /dash.shtml HTTP/1.1" 200 8699 "-" "Mozilla/5.0 (Windows; U; Windows NT 5.1; de; rv:1.9) Gecko/2008052906 Firefox/3.0"
172.16.1.12 - - [07/Jul/2008:09:07:18 -0600] "GET /dash/dash.shtml HTTP/1.1" 404 304 "-" "Mozilla/5.0 (Windows; U; Windows NT 5.2; en-US; rv:1.8.1.14) Gecko/20080404 Firefox/2.0.0.14"
172.16.1.12 - - [07/Jul/2008:09:07:30 -0600] "GET /dash.shtml HTTP/1.1" 200 8699 "-" "Mozilla/5.0 (Windows; U; Windows NT 5.2; en-US; rv:1.8.1.14) Gecko/20080404 Firefox/2.0.0.14"
172.16.1.12 - - [07/Jul/2008:09:07:33 -0600] "GET /images/wrench.gif HTTP/1.1" 304 - "http://daves/dash.shtml" "Mozilla/5.0 (Windows; U; Windows NT 5.2; en-US; rv:1.8.1.14) Gecko/20080404 Firefox/2.0.0.14"
172.16.1.12 - - [07/Jul/2008:09:07:47 -0600] "GET /cgi-bin/dash/app_search.cgi? HTTP/1.1" 200 474 "http://daves/dash.shtml" "Mozilla/5.0 (Windows; U; Windows NT 5.2; en-US; rv:1.8.1.14) Gecko/20080404 Firefox/2.0.0.14"
172.16.1.12 - - [07/Jul/2008:09:07:52 -0600] "GET /cgi-bin/dash/app_search.cgi? HTTP/1.1" 200 474 "http://daves/dash.shtml" "Mozilla/5.0 (Windows; U; Windows NT 5.2; en-US; rv:1.8.1.14) Gecko/20080404 Firefox/2.0.0.14"
172.16.1.44 - - [07/Jul/2008:09:08:05 -0600] "GET /rss/runblog.rss HTTP/1.1" 200 70232 "-" "RssReader/1.0.88.0 (http://www.rssreader.com) Microsoft Windows NT 5.1.2600.0"
172.16.1.10 - - [07/Jul/2008:09:08:17 -0600] "GET /dash.shtml HTTP/1.1" 200 8699 "-" "Mozilla/5.0 (Windows; U; Windows NT 5.1; de; rv:1.9) Gecko/2008052906 Firefox/3.0"
172.16.1.10 - - [07/Jul/2008:09:09:20 -0600] "GET /dash.shtml HTTP/1.1" 200 8293 "-" "Mozilla/5.0 (Windows; U; Windows NT 5.1; de; rv:1.9) Gecko/2008052906 Firefox/3.0"
172.16.1.12 - - [07/Jul/2008:09:09:31 -0600] "GET /cgi-bin/dash/app_search.cgi? HTTP/1.1" 302 - "http://daves/dash.shtml" "Mozilla/5.0 (Windows; U; Windows NT 5.2; en-US; rv:1.8.1.14) Gecko/20080404 Firefox/2.0.0.14"
172.16.1.12 - - [07/Jul/2008:09:09:31 -0600] "GET /cgi-bin/dash/app_history.cgi? HTTP/1.1" 200 29327 "http://daves/dash.shtml" "Mozilla/5.0 (Windows; U; Windows NT 5.2; en-US; rv:1.8.1.14) Gecko/20080404 Firefox/2.0.0.14"
172.16.1.12 - - [07/Jul/2008:09:09:33 -0600] "GET /cgi-bin/dash/__history__.html? HTTP/1.1" 404 318 "http://daves/cgi-bin/dash/app_history.cgi?" "Mozilla/5.0 (Windows; U; Windows NT 5.2; en-US; rv:1.8.1.14) Gecko/20080404 Firefox/2.0.0.14"
172.16.1.12 - - [07/Jul/2008:09:09:33 -0600] "GET /tmp/68.svn.xml HTTP/1.1" 200 9933 "http://daves/cgi-bin/dash/app_history.cgi?" "Mozilla/5.0 (Windows; U; Windows NT 5.2; en-US; rv:1.8.1.14) Gecko/20080404 Firefox/2.0.0.14"
172.16.1.12 - - [07/Jul/2008:09:09:33 -0600] "GET /tmp/68.dat HTTP/1.1" 200 1313 "http://daves/cgi-bin/dash/app_history.cgi?" "Mozilla/5.0 (Windows; U; Windows NT 5.2; en-US; rv:1.8.1.14) Gecko/20080404 Firefox/2.0.0.14"
172.16.1.12 - - [07/Jul/2008:09:09:53 -0600] "GET /cgi-bin/dash/exec_details_widget.cgi? HTTP/1.1" 200 1582 "http://daves/cgi-bin/dash/app_history.cgi?" "Mozilla/5.0 (Windows; U; Windows NT 5.2; en-US; rv:1.8.1.14) Gecko/20080404 Firefox/2.0.0.14"
172.16.1.12 - - [07/Jul/2008:09:09:55 -0600] "GET /tmp/68.dat HTTP/1.1" 304 - "http://daves/cgi-bin/dash/app_history.cgi?" "Mozilla/5.0 (Windows; U; Windows NT 5.2; en-US; rv:1.8.1.14) Gecko/20080404 Firefox/2.0.0.14"
172.16.1.10 - - [07/Jul/2008:09:10:24 -0600] "GET /dash.shtml HTTP/1.1" 200 8293 "-" "Mozilla/5.0 (Windows; U; Windows NT 5.1; de; rv:1.9) Gecko/2008052906 Firefox/3.0"
172.16.1.12 - - [07/Jul/2008:09:10:29 -0600] "GET /cgi-bin/dash/app_search.cgi? HTTP/1.1" 302 - "http://daves/dash.shtml" "Mozilla/5.0 (Windows; U; Windows NT 5.2; en-US; rv:1.8.1.14) Gecko/20080404 Firefox/2.0.0.14"
172.16.1.12 - - [07/Jul/2008:09:10:29 -0600] "GET /cgi-bin/dash/app_history.cgi? HTTP/1.1" 200 489829 "http://daves/dash.shtml" "Mozilla/5.0 (Windows; U; Windows NT 5.2; en-US; rv:1.8.1.14) Gecko/20080404 Firefox/2.0.0.14"
172.16.1.12 - - [07/Jul/2008:09:10:30 -0600] "GET /cgi-bin/dash/__history__.html? HTTP/1.1" 404 318 "http://daves/cgi-bin/dash/app_history.cgi?" "Mozilla/5.0 (Windows; U; Windows NT 5.2; en-US; rv:1.8.1.14) Gecko/20080404 Firefox/2.0.0.14"
172.16.1.12 - - [07/Jul/2008:09:10:30 -0600] "GET /tmp/69.svn.xml HTTP/1.1" 200 52 "http://daves/cgi-bin/dash/app_history.cgi?" "Mozilla/5.0 (Windows; U; Windows NT 5.2; en-US; rv:1.8.1.14) Gecko/20080404 Firefox/2.0.0.14"
172.16.1.12 - - [07/Jul/2008:09:10:30 -0600] "GET /tmp/69.dat HTTP/1.1" 200 14479 "http://daves/cgi-bin/dash/app_history.cgi?" "Mozilla/5.0 (Windows; U; Windows NT 5.2; en-US; rv:1.8.1.14) Gecko/20080404 Firefox/2.0.0.14"
172.16.1.12 - - [07/Jul/2008:09:11:23 -0600] "GET /cgi-bin/dash/app_search.cgi? HTTP/1.1" 302 - "http://daves/dash.shtml" "Mozilla/5.0 (Windows; U; Windows NT 5.2; en-US; rv:1.8.1.14) Gecko/20080404 Firefox/2.0.0.14"
172.16.1.12 - - [07/Jul/2008:09:11:23 -0600] "GET /cgi-bin/dash/app_history.cgi? HTTP/1.1" 200 29395 "http://daves/dash.shtml" "Mozilla/5.0 (Windows; U; Windows NT 5.2; en-US; rv:1.8.1.14) Gecko/20080404 Firefox/2.0.0.14"
172.16.1.12 - - [07/Jul/2008:09:11:24 -0600] "GET /cgi-bin/dash/__history__.html? HTTP/1.1" 404 318 "http://daves/cgi-bin/dash/app_history.cgi?" "Mozilla/5.0 (Windows; U; Windows NT 5.2; en-US; rv:1.8.1.14) Gecko/20080404 Firefox/2.0.0.14"
172.16.1.12 - - [07/Jul/2008:09:11:24 -0600] "GET /tmp/71.svn.xml HTTP/1.1" 200 52 "http://daves/cgi-bin/dash/app_history.cgi?" "Mozilla/5.0 (Windows; U; Windows NT 5.2; en-US; rv:1.8.1.14) Gecko/20080404 Firefox/2.0.0.14"
172.16.1.12 - - [07/Jul/2008:09:11:24 -0600] "GET /tmp/71.dat HTTP/1.1" 200 1238 "http://daves/cgi-bin/dash/app_history.cgi?" "Mozilla/5.0 (Windows; U; Windows NT 5.2; en-US; rv:1.8.1.14) Gecko/20080404 Firefox/2.0.0.14"
172.16.1.10 - - [07/Jul/2008:09:11:28 -0600] "GET /dash.shtml HTTP/1.1" 200 8293 "-" "Mozilla/5.0 (Windows; U; Windows NT 5.1; de; rv:1.9) Gecko/2008052906 Firefox/3.0"
172.16.1.10 - - [07/Jul/2008:09:12:32 -0600] "GET /dash.shtml HTTP/1.1" 200 7971 "-" "Mozilla/5.0 (Windows; U; Windows NT 5.1; de; rv:1.9) Gecko/2008052906 Firefox/3.0"
172.16.1.10 - - [07/Jul/2008:09:13:36 -0600] "GET /dash.shtml HTTP/1.1" 200 7971 "-" "Mozilla/5.0 (Windows; U; Windows NT 5.1; de; rv:1.9) Gecko/2008052906 Firefox/3.0"
172.16.1.10 - - [07/Jul/2008:09:14:39 -0600] "GET /dash.shtml HTTP/1.1" 200 8642 "-" "Mozilla/5.0 (Windows; U; Windows NT 5.1; de; rv:1.9) Gecko/2008052906 Firefox/3.0"
172.16.1.10 - hoofoos [07/Jul/2008:09:15:20 -0600] "POST /trac/instance/login/xmlrpc HTTP/1.1" 200 168 "-" "Mylyn/2.3.2 Eclipse/3.3.2 (org.eclipse.platform.ide) HttpClient/3.1 Java/1.6.0_05 (Sun) Windows XP/5.1 (x86; de_DE)"
172.16.1.10 - hoofoos [07/Jul/2008:09:15:20 -0600] "POST /trac/instance/login/xmlrpc HTTP/1.1" 200 1743 "-" "Mylyn/2.3.2 Eclipse/3.3.2 (org.eclipse.platform.ide) HttpClient/3.1 Java/1.6.0_05 (Sun) Windows XP/5.1 (x86; de_DE)"
172.16.1.10 - - [07/Jul/2008:09:15:42 -0600] "GET /dash.shtml HTTP/1.1" 200 8642 "-" "Mozilla/5.0 (Windows; U; Windows NT 5.1; de; rv:1.9) Gecko/2008052906 Firefox/3.0"
172.16.1.10 - - [07/Jul/2008:09:16:46 -0600] "GET /dash.shtml HTTP/1.1" 200 8642 "-" "Mozilla/5.0 (Windows; U; Windows NT 5.1; de; rv:1.9) Gecko/2008052906 Firefox/3.0"
172.16.1.10 - - [07/Jul/2008:09:17:49 -0600] "GET /dash.shtml HTTP/1.1" 200 8642 "-" "Mozilla/5.0 (Windows; U; Windows NT 5.1; de; rv:1.9) Gecko/2008052906 Firefox/3.0"
172.16.1.62 - snim [07/Jul/2008:09:18:09 -0600] "GET /cgi-bin/app/config.cgi? HTTP/1.1" 200 51322 "http://daves/cgi-bin/app/config.cgi" "Mozilla/5.0 (Windows; U; Windows NT 5.1; en-US; rv:1.9) Gecko/2008052906 Firefox/3.0"
172.16.1.62 - snim [07/Jul/2008:09:18:19 -0600] "POST /cgi-bin/app/config_ctl.cgi HTTP/1.1" 302 - "http://daves/cgi-bin/app/config.cgi?" "Mozilla/5.0 (Windows; U; Windows NT 5.1; en-US; rv:1.9) Gecko/2008052906 Firefox/3.0"
172.16.1.62 - snim [07/Jul/2008:09:18:23 -0600] "GET /cgi-bin/app/config.cgi? HTTP/1.1" 200 51431 "http://daves/cgi-bin/app/config.cgi?" "Mozilla/5.0 (Windows; U; Windows NT 5.1; en-US; rv:1.9) Gecko/2008052906 Firefox/3.0"
172.16.1.10 - - [07/Jul/2008:09:18:53 -0600] "GET /dash.shtml HTTP/1.1" 200 8642 "-" "Mozilla/5.0 (Windows; U; Windows NT 5.1; de; rv:1.9) Gecko/2008052906 Firefox/3.0"
172.16.1.10 - - [07/Jul/2008:09:19:56 -0600] "GET /dash.shtml HTTP/1.1" 200 7971 "-" "Mozilla/5.0 (Windows; U; Windows NT 5.1; de; rv:1.9) Gecko/2008052906 Firefox/3.0"
172.16.1.10 - - [07/Jul/2008:09:21:00 -0600] "GET /dash.shtml HTTP/1.1" 200 7971 "-" "Mozilla/5.0 (Windows; U; Windows NT 5.1; de; rv:1.9) Gecko/2008052906 Firefox/3.0"
172.16.1.10 - - [07/Jul/2008:09:22:03 -0600] "GET /dash.shtml HTTP/1.1" 200 8299 "-" "Mozilla/5.0 (Windows; U; Windows NT 5.1; de; rv:1.9) Gecko/2008052906 Firefox/3.0"
172.16.1.10 - - [07/Jul/2008:09:23:06 -0600] "GET /dash.shtml HTTP/1.1" 200 7937 "-" "Mozilla/5.0 (Windows; U; Windows NT 5.1; de; rv:1.9) Gecko/2008052906 Firefox/3.0"
172.16.1.10 - - [07/Jul/2008:09:24:10 -0600] "GET /dash.shtml HTTP/1.1" 200 7569 "-" "Mozilla/5.0 (Windows; U; Windows NT 5.1; de; rv:1.9) Gecko/2008052906 Firefox/3.0"
172.16.1.10 - - [07/Jul/2008:09:25:13 -0600] "GET /dash.shtml HTTP/1.1" 200 7241 "-" "Mozilla/5.0 (Windows; U; Windows NT 5.1; de; rv:1.9) Gecko/2008052906 Firefox/3.0"
172.16.1.10 - - [07/Jul/2008:09:26:17 -0600] "GET /dash.shtml HTTP/1.1" 200 7241 "-" "Mozilla/5.0 (Windows; U; Windows NT 5.1; de; rv:1.9) Gecko/2008052906 Firefox/3.0"
172.16.1.10 - - [07/Jul/2008:09:27:20 -0600] "GET /dash.shtml HTTP/1.1" 200 6921 "-" "Mozilla/5.0 (Windows; U; Windows NT 5.1; de; rv:1.9) Gecko/2008052906 Firefox/3.0"
172.16.1.44 - - [07/Jul/2008:09:28:05 -0600] "GET /rss/runblog.rss HTTP/1.1" 200 70194 "-" "RssReader/1.0.88.0 (http://www.rssreader.com) Microsoft Windows NT 5.1.2600.0"
172.16.1.10 - - [07/Jul/2008:09:28:24 -0600] "GET /dash.shtml HTTP/1.1" 200 6921 "-" "Mozilla/5.0 (Windows; U; Windows NT 5.1; de; rv:1.9) Gecko/2008052906 Firefox/3.0"
172.16.1.10 - - [07/Jul/2008:09:29:27 -0600] "GET /dash.shtml HTTP/1.1" 200 6921 "-" "Mozilla/5.0 (Windows; U; Windows NT 5.1; de; rv:1.9) Gecko/2008052906 Firefox/3.0"
172.16.1.10 - - [07/Jul/2008:09:30:31 -0600] "GET /dash.shtml HTTP/1.1" 200 8206 "-" "Mozilla/5.0 (Windows; U; Windows NT 5.1; de; rv:1.9) Gecko/2008052906 Firefox/3.0"
172.16.1.10 - - [07/Jul/2008:09:31:34 -0600] "GET /dash.shtml HTTP/1.1" 200 8206 "-" "Mozilla/5.0 (Windows; U; Windows NT 5.1; de; rv:1.9) Gecko/2008052906 Firefox/3.0"
172.16.1.10 - - [07/Jul/2008:09:32:38 -0600] "GET /dash.shtml HTTP/1.1" 200 7609 "-" "Mozilla/5.0 (Windows; U; Windows NT 5.1; de; rv:1.9) Gecko/2008052906 Firefox/3.0"
172.16.1.62 - snim [07/Jul/2008:09:33:43 -0600] "POST /cgi-bin/app/config_ctl.cgi HTTP/1.1" 302 - "http://daves/cgi-bin/app/config.cgi?" "Mozilla/5.0 (Windows; U; Windows NT 5.1; en-US; rv:1.9) Gecko/2008052906 Firefox/3.0"
172.16.1.10 - - [07/Jul/2008:09:33:42 -0600] "GET /dash.shtml HTTP/1.1" 200 8550 "-" "Mozilla/5.0 (Windows; U; Windows NT 5.1; de; rv:1.9) Gecko/2008052906 Firefox/3.0"
172.16.1.62 - snim [07/Jul/2008:09:33:43 -0600] "GET /cgi-bin/app/config.cgi? HTTP/1.1" 200 51451 "http://daves/cgi-bin/app/config.cgi?" "Mozilla/5.0 (Windows; U; Windows NT 5.1; en-US; rv:1.9) Gecko/2008052906 Firefox/3.0"
172.16.1.62 - snim [07/Jul/2008:09:33:48 -0600] "POST /cgi-bin/app/config_ctl.cgi HTTP/1.1" 302 - "http://daves/cgi-bin/app/config.cgi?" "Mozilla/5.0 (Windows; U; Windows NT 5.1; en-US; rv:1.9) Gecko/2008052906 Firefox/3.0"
172.16.1.62 - snim [07/Jul/2008:09:33:48 -0600] "GET /cgi-bin/app/config.cgi? HTTP/1.1" 200 51471 "http://daves/cgi-bin/app/config.cgi?" "Mozilla/5.0 (Windows; U; Windows NT 5.1; en-US; rv:1.9) Gecko/2008052906 Firefox/3.0"
172.16.1.62 - snim [07/Jul/2008:09:33:52 -0600] "POST /cgi-bin/app/config_ctl.cgi HTTP/1.1" 302 - "http://daves/cgi-bin/app/config.cgi?" "Mozilla/5.0 (Windows; U; Windows NT 5.1; en-US; rv:1.9) Gecko/2008052906 Firefox/3.0"
172.16.1.62 - snim [07/Jul/2008:09:33:52 -0600] "GET /cgi-bin/app/config.cgi? HTTP/1.1" 200 51491 "http://daves/cgi-bin/app/config.cgi?" "Mozilla/5.0 (Windows; U; Windows NT 5.1; en-US; rv:1.9) Gecko/2008052906 Firefox/3.0"
172.16.1.62 - snim [07/Jul/2008:09:33:55 -0600] "POST /cgi-bin/app/config_ctl.cgi HTTP/1.1" 302 - "http://daves/cgi-bin/app/config.cgi?" "Mozilla/5.0 (Windows; U; Windows NT 5.1; en-US; rv:1.9) Gecko/2008052906 Firefox/3.0"
172.16.1.62 - snim [07/Jul/2008:09:33:56 -0600] "GET /cgi-bin/app/config.cgi? HTTP/1.1" 200 51511 "http://daves/cgi-bin/app/config.cgi?" "Mozilla/5.0 (Windows; U; Windows NT 5.1; en-US; rv:1.9) Gecko/2008052906 Firefox/3.0"
172.16.1.62 - snim [07/Jul/2008:09:33:59 -0600] "POST /cgi-bin/app/config_ctl.cgi HTTP/1.1" 302 - "http://daves/cgi-bin/app/config.cgi?" "Mozilla/5.0 (Windows; U; Windows NT 5.1; en-US; rv:1.9) Gecko/2008052906 Firefox/3.0"
172.16.1.62 - snim [07/Jul/2008:09:34:00 -0600] "GET /cgi-bin/app/config.cgi? HTTP/1.1" 200 51531 "http://daves/cgi-bin/app/config.cgi?" "Mozilla/5.0 (Windows; U; Windows NT 5.1; en-US; rv:1.9) Gecko/2008052906 Firefox/3.0"
172.16.1.62 - snim [07/Jul/2008:09:34:04 -0600] "POST /cgi-bin/app/config_ctl.cgi HTTP/1.1" 302 - "http://daves/cgi-bin/app/config.cgi?" "Mozilla/5.0 (Windows; U; Windows NT 5.1; en-US; rv:1.9) Gecko/2008052906 Firefox/3.0"
172.16.1.62 - snim [07/Jul/2008:09:34:05 -0600] "GET /cgi-bin/app/config.cgi? HTTP/1.1" 200 51551 "http://daves/cgi-bin/app/config.cgi?" "Mozilla/5.0 (Windows; U; Windows NT 5.1; en-US; rv:1.9) Gecko/2008052906 Firefox/3.0"
172.16.1.62 - snim [07/Jul/2008:09:34:08 -0600] "POST /cgi-bin/app/config_ctl.cgi HTTP/1.1" 302 - "http://daves/cgi-bin/app/config.cgi?" "Mozilla/5.0 (Windows; U; Windows NT 5.1; en-US; rv:1.9) Gecko/2008052906 Firefox/3.0"
172.16.1.62 - snim [07/Jul/2008:09:34:09 -0600] "GET /cgi-bin/app/config.cgi? HTTP/1.1" 200 51571 "http://daves/cgi-bin/app/config.cgi?" "Mozilla/5.0 (Windows; U; Windows NT 5.1; en-US; rv:1.9) Gecko/2008052906 Firefox/3.0"
172.16.1.62 - snim [07/Jul/2008:09:34:13 -0600] "POST /cgi-bin/app/config_ctl.cgi HTTP/1.1" 302 - "http://daves/cgi-bin/app/config.cgi?" "Mozilla/5.0 (Windows; U; Windows NT 5.1; en-US; rv:1.9) Gecko/2008052906 Firefox/3.0"
172.16.1.62 - snim [07/Jul/2008:09:34:14 -0600] "GET /cgi-bin/app/config.cgi? HTTP/1.1" 200 51591 "http://daves/cgi-bin/app/config.cgi?" "Mozilla/5.0 (Windows; U; Windows NT 5.1; en-US; rv:1.9) Gecko/2008052906 Firefox/3.0"
172.16.1.62 - snim [07/Jul/2008:09:34:19 -0600] "POST /cgi-bin/app/config_ctl.cgi HTTP/1.1" 302 - "http://daves/cgi-bin/app/config.cgi?" "Mozilla/5.0 (Windows; U; Windows NT 5.1; en-US; rv:1.9) Gecko/2008052906 Firefox/3.0"
172.16.1.62 - snim [07/Jul/2008:09:34:20 -0600] "GET /cgi-bin/app/config.cgi? HTTP/1.1" 200 51611 "http://daves/cgi-bin/app/config.cgi?" "Mozilla/5.0 (Windows; U; Windows NT 5.1; en-US; rv:1.9) Gecko/2008052906 Firefox/3.0"
172.16.1.62 - snim [07/Jul/2008:09:34:23 -0600] "POST /cgi-bin/app/config_ctl.cgi HTTP/1.1" 302 - "http://daves/cgi-bin/app/config.cgi?" "Mozilla/5.0 (Windows; U; Windows NT 5.1; en-US; rv:1.9) Gecko/2008052906 Firefox/3.0"
172.16.1.62 - snim [07/Jul/2008:09:34:24 -0600] "GET /cgi-bin/app/config.cgi? HTTP/1.1" 200 51631 "http://daves/cgi-bin/app/config.cgi?" "Mozilla/5.0 (Windows; U; Windows NT 5.1; en-US; rv:1.9) Gecko/2008052906 Firefox/3.0"
172.16.1.62 - snim [07/Jul/2008:09:34:28 -0600] "POST /cgi-bin/app/config_ctl.cgi HTTP/1.1" 302 - "http://daves/cgi-bin/app/config.cgi?" "Mozilla/5.0 (Windows; U; Windows NT 5.1; en-US; rv:1.9) Gecko/2008052906 Firefox/3.0"
172.16.1.62 - snim [07/Jul/2008:09:34:29 -0600] "GET /cgi-bin/app/config.cgi? HTTP/1.1" 200 51651 "http://daves/cgi-bin/app/config.cgi?" "Mozilla/5.0 (Windows; U; Windows NT 5.1; en-US; rv:1.9) Gecko/2008052906 Firefox/3.0"
172.16.1.62 - - [07/Jul/2008:09:34:46 -0600] "GET /dash HTTP/1.1" 404 293 "-" "Mozilla/5.0 (Windows; U; Windows NT 5.1; en-US; rv:1.9) Gecko/2008052906 Firefox/3.0"
172.16.1.10 - - [07/Jul/2008:09:34:46 -0600] "GET /dash.shtml HTTP/1.1" 200 7951 "-" "Mozilla/5.0 (Windows; U; Windows NT 5.1; de; rv:1.9) Gecko/2008052906 Firefox/3.0"
172.16.1.62 - - [07/Jul/2008:09:34:51 -0600] "GET /dashboard HTTP/1.1" 404 298 "-" "Mozilla/5.0 (Windows; U; Windows NT 5.1; en-US; rv:1.9) Gecko/2008052906 Firefox/3.0"
172.16.1.62 - snim [07/Jul/2008:09:34:56 -0600] "GET / HTTP/1.1" 200 662 "-" "Mozilla/5.0 (Windows; U; Windows NT 5.1; en-US; rv:1.9) Gecko/2008052906 Firefox/3.0"
172.16.1.10 - hoofoos [07/Jul/2008:09:35:20 -0600] "POST /trac/instance/login/xmlrpc HTTP/1.1" 200 168 "-" "Mylyn/2.3.2 Eclipse/3.3.2 (org.eclipse.platform.ide) HttpClient/3.1 Java/1.6.0_05 (Sun) Windows XP/5.1 (x86; de_DE)"
172.16.1.10 - hoofoos [07/Jul/2008:09:35:20 -0600] "POST /trac/instance/login/xmlrpc HTTP/1.1" 200 1743 "-" "Mylyn/2.3.2 Eclipse/3.3.2 (org.eclipse.platform.ide) HttpClient/3.1 Java/1.6.0_05 (Sun) Windows XP/5.1 (x86; de_DE)"
172.16.1.10 - - [07/Jul/2008:09:35:49 -0600] "GET /dash.shtml HTTP/1.1" 200 7602 "-" "Mozilla/5.0 (Windows; U; Windows NT 5.1; de; rv:1.9) Gecko/2008052906 Firefox/3.0"
172.16.1.10 - - [07/Jul/2008:09:36:53 -0600] "GET /dash.shtml HTTP/1.1" 200 7602 "-" "Mozilla/5.0 (Windows; U; Windows NT 5.1; de; rv:1.9) Gecko/2008052906 Firefox/3.0"
172.16.1.10 - - [07/Jul/2008:09:37:57 -0600] "GET /dash.shtml HTTP/1.1" 200 7948 "-" "Mozilla/5.0 (Windows; U; Windows NT 5.1; de; rv:1.9) Gecko/2008052906 Firefox/3.0"
172.16.1.10 - - [07/Jul/2008:09:39:00 -0600] "GET /dash.shtml HTTP/1.1" 200 7602 "-" "Mozilla/5.0 (Windows; U; Windows NT 5.1; de; rv:1.9) Gecko/2008052906 Firefox/3.0"
172.16.1.10 - - [07/Jul/2008:09:40:04 -0600] "GET /dash.shtml HTTP/1.1" 200 7602 "-" "Mozilla/5.0 (Windows; U; Windows NT 5.1; de; rv:1.9) Gecko/2008052906 Firefox/3.0"
172.16.1.10 - - [07/Jul/2008:09:41:08 -0600] "GET /dash.shtml HTTP/1.1" 200 7602 "-" "Mozilla/5.0 (Windows; U; Windows NT 5.1; de; rv:1.9) Gecko/2008052906 Firefox/3.0"
172.16.1.10 - - [07/Jul/2008:09:42:11 -0600] "GET /dash.shtml HTTP/1.1" 200 7602 "-" "Mozilla/5.0 (Windows; U; Windows NT 5.1; de; rv:1.9) Gecko/2008052906 Firefox/3.0"
172.16.1.10 - - [07/Jul/2008:09:43:15 -0600] "GET /dash.shtml HTTP/1.1" 200 7602 "-" "Mozilla/5.0 (Windows; U; Windows NT 5.1; de; rv:1.9) Gecko/2008052906 Firefox/3.0"
172.16.1.10 - - [07/Jul/2008:09:44:18 -0600] "GET /dash.shtml HTTP/1.1" 200 7602 "-" "Mozilla/5.0 (Windows; U; Windows NT 5.1; de; rv:1.9) Gecko/2008052906 Firefox/3.0"
172.16.1.10 - - [07/Jul/2008:09:45:21 -0600] "GET /dash.shtml HTTP/1.1" 200 7602 "-" "Mozilla/5.0 (Windows; U; Windows NT 5.1; de; rv:1.9) Gecko/2008052906 Firefox/3.0"
172.16.1.62 - - [07/Jul/2008:09:45:37 -0600] "GET /trac/instance HTTP/1.1" 200 8373 "-" "Mozilla/5.0 (Windows; U; Windows NT 5.1; en-US; rv:1.9) Gecko/2008052906 Firefox/3.0"
172.16.1.62 - - [07/Jul/2008:09:45:37 -0600] "GET /trac/instance/chrome/tags/css/tractags.css HTTP/1.1" 200 910 "http://daves/trac/instance" "Mozilla/5.0 (Windows; U; Windows NT 5.1; en-US; rv:1.9) Gecko/2008052906 Firefox/3.0"
172.16.1.62 - - [07/Jul/2008:09:45:37 -0600] "GET /trac/instance/chrome/common/css/wiki.css HTTP/1.1" 200 1533 "http://daves/trac/instance" "Mozilla/5.0 (Windows; U; Windows NT 5.1; en-US; rv:1.9) Gecko/2008052906 Firefox/3.0"
172.16.1.62 - - [07/Jul/2008:09:45:37 -0600] "GET /trac/instance/chrome/common/js/trac.js HTTP/1.1" 200 4407 "http://daves/trac/instance" "Mozilla/5.0 (Windows; U; Windows NT 5.1; en-US; rv:1.9) Gecko/2008052906 Firefox/3.0"
172.16.1.62 - - [07/Jul/2008:09:45:37 -0600] "GET /trac/instance/chrome/common/trac.ico HTTP/1.1" 200 3638 "-" "Mozilla/5.0 (Windows; U; Windows NT 5.1; en-US; rv:1.9) Gecko/2008052906 Firefox/3.0"
172.16.1.62 - - [07/Jul/2008:09:45:37 -0600] "GET /trac/instance/pygments/trac.css HTTP/1.1" 200 7444 "http://daves/trac/instance" "Mozilla/5.0 (Windows; U; Windows NT 5.1; en-US; rv:1.9) Gecko/2008052906 Firefox/3.0"
172.16.1.62 - - [07/Jul/2008:09:45:37 -0600] "GET /trac/instance/chrome/common/css/trac.css HTTP/1.1" 200 12531 "http://daves/trac/instance" "Mozilla/5.0 (Windows; U; Windows NT 5.1; en-US; rv:1.9) Gecko/2008052906 Firefox/3.0"
172.16.1.62 - - [07/Jul/2008:09:45:38 -0600] "GET /trac/instance/chrome/common/css/code.css HTTP/1.1" 200 4351 "http://daves/trac/instance/chrome/common/css/wiki.css" "Mozilla/5.0 (Windows; U; Windows NT 5.1; en-US; rv:1.9) Gecko/2008052906 Firefox/3.0"
172.16.1.62 - - [07/Jul/2008:09:45:39 -0600] "GET /trac/instance/chrome/common/topbar_gradient.png HTTP/1.1" 200 350 "http://daves/trac/instance/chrome/common/css/trac.css" "Mozilla/5.0 (Windows; U; Windows NT 5.1; en-US; rv:1.9) Gecko/2008052906 Firefox/3.0"
172.16.1.62 - - [07/Jul/2008:09:45:39 -0600] "GET /trac/instance/chrome/common/topbar_gradient2.png HTTP/1.1" 200 309 "http://daves/trac/instance/chrome/common/css/trac.css" "Mozilla/5.0 (Windows; U; Windows NT 5.1; en-US; rv:1.9) Gecko/2008052906 Firefox/3.0"
172.16.1.62 - - [07/Jul/2008:09:45:41 -0600] "GET /trac/instance/chrome/common/extlink.gif HTTP/1.1" 200 90 "http://daves/trac/instance/chrome/common/css/trac.css" "Mozilla/5.0 (Windows; U; Windows NT 5.1; en-US; rv:1.9) Gecko/2008052906 Firefox/3.0"
172.16.1.62 - - [07/Jul/2008:09:45:41 -0600] "GET /trac/instance/chrome/common/trac_logo_mini.png HTTP/1.1" 200 689 "http://daves/trac/instance" "Mozilla/5.0 (Windows; U; Windows NT 5.1; en-US; rv:1.9) Gecko/2008052906 Firefox/3.0"
172.16.1.62 - - [07/Jul/2008:09:45:39 -0600] "GET /trac/instance/chrome/common/dots.gif HTTP/1.1" 200 50 "http://daves/trac/instance/chrome/common/css/trac.css" "Mozilla/5.0 (Windows; U; Windows NT 5.1; en-US; rv:1.9) Gecko/2008052906 Firefox/3.0"
172.16.1.10 - - [07/Jul/2008:09:46:25 -0600] "GET /dash.shtml HTTP/1.1" 200 7602 "-" "Mozilla/5.0 (Windows; U; Windows NT 5.1; de; rv:1.9) Gecko/2008052906 Firefox/3.0"
172.16.1.54 - - [07/Jul/2008:09:47:03 -0600] "GET /style/webtools.css HTTP/1.1" 200 1585 "http://daves:8080/dt/config_detail?" "Mozilla/4.0 (compatible; MSIE 7.0; Windows NT 5.1; InfoPath.1; .NET CLR 1.1.4322; .NET CLR 2.0.50727)"
172.16.1.10 - - [07/Jul/2008:09:47:28 -0600] "GET /dash.shtml HTTP/1.1" 200 7602 "-" "Mozilla/5.0 (Windows; U; Windows NT 5.1; de; rv:1.9) Gecko/2008052906 Firefox/3.0"
172.16.1.10 - - [07/Jul/2008:09:48:32 -0600] "GET /dash.shtml HTTP/1.1" 200 7946 "-" "Mozilla/5.0 (Windows; U; Windows NT 5.1; de; rv:1.9) Gecko/2008052906 Firefox/3.0"
172.16.1.10 - - [07/Jul/2008:09:49:35 -0600] "GET /dash.shtml HTTP/1.1" 200 7602 "-" "Mozilla/5.0 (Windows; U; Windows NT 5.1; de; rv:1.9) Gecko/2008052906 Firefox/3.0"
172.16.1.10 - - [07/Jul/2008:09:50:39 -0600] "GET /dash.shtml HTTP/1.1" 200 7602 "-" "Mozilla/5.0 (Windows; U; Windows NT 5.1; de; rv:1.9) Gecko/2008052906 Firefox/3.0"
172.16.1.10 - - [07/Jul/2008:09:51:43 -0600] "GET /dash.shtml HTTP/1.1" 200 7602 "-" "Mozilla/5.0 (Windows; U; Windows NT 5.1; de; rv:1.9) Gecko/2008052906 Firefox/3.0"
172.16.1.10 - - [07/Jul/2008:09:52:46 -0600] "GET /dash.shtml HTTP/1.1" 200 7602 "-" "Mozilla/5.0 (Windows; U; Windows NT 5.1; de; rv:1.9) Gecko/2008052906 Firefox/3.0"
172.16.1.10 - - [07/Jul/2008:09:53:50 -0600] "GET /dash.shtml HTTP/1.1" 200 7923 "-" "Mozilla/5.0 (Windows; U; Windows NT 5.1; de; rv:1.9) Gecko/2008052906 Firefox/3.0"
172.16.1.10 - - [07/Jul/2008:09:54:53 -0600] "GET /dash.shtml HTTP/1.1" 200 7923 "-" "Mozilla/5.0 (Windows; U; Windows NT 5.1; de; rv:1.9) Gecko/2008052906 Firefox/3.0"
172.16.1.10 - hoofoos [07/Jul/2008:09:55:20 -0600] "POST /trac/instance/login/xmlrpc HTTP/1.1" 200 168 "-" "Mylyn/2.3.2 Eclipse/3.3.2 (org.eclipse.platform.ide) HttpClient/3.1 Java/1.6.0_05 (Sun) Windows XP/5.1 (x86; de_DE)"
172.16.1.10 - hoofoos [07/Jul/2008:09:55:20 -0600] "POST /trac/instance/login/xmlrpc HTTP/1.1" 200 1743 "-" "Mylyn/2.3.2 Eclipse/3.3.2 (org.eclipse.platform.ide) HttpClient/3.1 Java/1.6.0_05 (Sun) Windows XP/5.1 (x86; de_DE)"
172.16.1.10 - - [07/Jul/2008:09:55:57 -0600] "GET /dash.shtml HTTP/1.1" 200 8265 "-" "Mozilla/5.0 (Windows; U; Windows NT 5.1; de; rv:1.9) Gecko/2008052906 Firefox/3.0"
172.16.1.12 - - [07/Jul/2008:09:56:23 -0600] "GET /cgi-bin/dash/app_search.cgi? HTTP/1.1" 302 - "http://daves/dash.shtml" "Mozilla/5.0 (Windows; U; Windows NT 5.2; en-US; rv:1.8.1.14) Gecko/20080404 Firefox/2.0.0.14"
172.16.1.12 - - [07/Jul/2008:09:56:23 -0600] "GET /cgi-bin/dash/app_history.cgi? HTTP/1.1" 200 29327 "http://daves/dash.shtml" "Mozilla/5.0 (Windows; U; Windows NT 5.2; en-US; rv:1.8.1.14) Gecko/20080404 Firefox/2.0.0.14"
172.16.1.12 - - [07/Jul/2008:09:56:24 -0600] "GET /cgi-bin/dash/__history__.html? HTTP/1.1" 404 318 "http://daves/cgi-bin/dash/app_history.cgi?" "Mozilla/5.0 (Windows; U; Windows NT 5.2; en-US; rv:1.8.1.14) Gecko/20080404 Firefox/2.0.0.14"
172.16.1.12 - - [07/Jul/2008:09:56:24 -0600] "GET /tmp/68.svn.xml HTTP/1.1" 304 - "http://daves/cgi-bin/dash/app_history.cgi?" "Mozilla/5.0 (Windows; U; Windows NT 5.2; en-US; rv:1.8.1.14) Gecko/20080404 Firefox/2.0.0.14"
172.16.1.12 - - [07/Jul/2008:09:56:24 -0600] "GET /tmp/68.dat HTTP/1.1" 200 1313 "http://daves/cgi-bin/dash/app_history.cgi?" "Mozilla/5.0 (Windows; U; Windows NT 5.2; en-US; rv:1.8.1.14) Gecko/20080404 Firefox/2.0.0.14"
172.16.1.12 - - [07/Jul/2008:09:56:36 -0600] "GET /cgi-bin/dash/exec_details_widget.cgi? HTTP/1.1" 200 1582 "http://daves/cgi-bin/dash/app_history.cgi?" "Mozilla/5.0 (Windows; U; Windows NT 5.2; en-US; rv:1.8.1.14) Gecko/20080404 Firefox/2.0.0.14"
172.16.1.12 - - [07/Jul/2008:09:56:38 -0600] "GET /tmp/68.dat HTTP/1.1" 304 - "http://daves/cgi-bin/dash/app_history.cgi?" "Mozilla/5.0 (Windows; U; Windows NT 5.2; en-US; rv:1.8.1.14) Gecko/20080404 Firefox/2.0.0.14"
172.16.1.12 - - [07/Jul/2008:09:56:40 -0600] "GET /cgi-bin/dash/exec_details_widget.cgi? HTTP/1.1" 200 1582 "http://daves/cgi-bin/dash/app_history.cgi?" "Mozilla/5.0 (Windows; U; Windows NT 5.2; en-US; rv:1.8.1.14) Gecko/20080404 Firefox/2.0.0.14"
172.16.1.12 - - [07/Jul/2008:09:56:41 -0600] "GET /tmp/68.dat HTTP/1.1" 304 - "http://daves/cgi-bin/dash/app_history.cgi?" "Mozilla/5.0 (Windows; U; Windows NT 5.2; en-US; rv:1.8.1.14) Gecko/20080404 Firefox/2.0.0.14"
172.16.1.12 - - [07/Jul/2008:09:56:46 -0600] "GET /cgi-bin/dash/exec_details_widget.cgi? HTTP/1.1" 200 1582 "http://daves/cgi-bin/dash/app_history.cgi?" "Mozilla/5.0 (Windows; U; Windows NT 5.2; en-US; rv:1.8.1.14) Gecko/20080404 Firefox/2.0.0.14"
172.16.1.12 - - [07/Jul/2008:09:56:48 -0600] "GET /tmp/68.dat HTTP/1.1" 304 - "http://daves/cgi-bin/dash/app_history.cgi?" "Mozilla/5.0 (Windows; U; Windows NT 5.2; en-US; rv:1.8.1.14) Gecko/20080404 Firefox/2.0.0.14"
172.16.1.10 - - [07/Jul/2008:09:57:01 -0600] "GET /dash.shtml HTTP/1.1" 200 8265 "-" "Mozilla/5.0 (Windows; U; Windows NT 5.1; de; rv:1.9) Gecko/2008052906 Firefox/3.0"
172.16.1.12 - - [07/Jul/2008:09:57:15 -0600] "GET /cgi-bin/dash/app_search.cgi? HTTP/1.1" 302 - "http://daves/dash.shtml" "Mozilla/5.0 (Windows; U; Windows NT 5.2; en-US; rv:1.8.1.14) Gecko/20080404 Firefox/2.0.0.14"
172.16.1.12 - - [07/Jul/2008:09:57:15 -0600] "GET /cgi-bin/dash/app_history.cgi? HTTP/1.1" 200 489829 "http://daves/dash.shtml" "Mozilla/5.0 (Windows; U; Windows NT 5.2; en-US; rv:1.8.1.14) Gecko/20080404 Firefox/2.0.0.14"
172.16.1.12 - - [07/Jul/2008:09:57:16 -0600] "GET /cgi-bin/dash/__history__.html? HTTP/1.1" 404 318 "http://daves/cgi-bin/dash/app_history.cgi?" "Mozilla/5.0 (Windows; U; Windows NT 5.2; en-US; rv:1.8.1.14) Gecko/20080404 Firefox/2.0.0.14"
172.16.1.12 - - [07/Jul/2008:09:57:16 -0600] "GET /tmp/69.svn.xml HTTP/1.1" 304 - "http://daves/cgi-bin/dash/app_history.cgi?" "Mozilla/5.0 (Windows; U; Windows NT 5.2; en-US; rv:1.8.1.14) Gecko/20080404 Firefox/2.0.0.14"
172.16.1.12 - - [07/Jul/2008:09:57:16 -0600] "GET /tmp/69.dat HTTP/1.1" 200 14479 "http://daves/cgi-bin/dash/app_history.cgi?" "Mozilla/5.0 (Windows; U; Windows NT 5.2; en-US; rv:1.8.1.14) Gecko/20080404 Firefox/2.0.0.14"
172.16.1.10 - - [07/Jul/2008:09:58:04 -0600] "GET /dash.shtml HTTP/1.1" 200 8265 "-" "Mozilla/5.0 (Windows; U; Windows NT 5.1; de; rv:1.9) Gecko/2008052906 Firefox/3.0"
172.16.1.10 - - [07/Jul/2008:09:59:09 -0600] "GET /dash.shtml HTTP/1.1" 200 8265 "-" "Mozilla/5.0 (Windows; U; Windows NT 5.1; de; rv:1.9) Gecko/2008052906 Firefox/3.0"
172.16.1.10 - - [07/Jul/2008:10:00:12 -0600] "GET /dash.shtml HTTP/1.1" 200 8950 "-" "Mozilla/5.0 (Windows; U; Windows NT 5.1; de; rv:1.9) Gecko/2008052906 Firefox/3.0"
172.16.1.10 - - [07/Jul/2008:10:01:17 -0600] "GET /dash.shtml HTTP/1.1" 200 8604 "-" "Mozilla/5.0 (Windows; U; Windows NT 5.1; de; rv:1.9) Gecko/2008052906 Firefox/3.0"
172.16.1.10 - - [07/Jul/2008:10:01:47 -0600] "GET /trac/instance/wiki HTTP/1.1" 200 10060 "http://daves/trac/instance/wiki/ProductProjects" "Mozilla/5.0 (Windows; U; Windows NT 5.1; de; rv:1.9) Gecko/2008052906 Firefox/3.0"
172.16.1.10 - - [07/Jul/2008:10:02:21 -0600] "GET /dash.shtml HTTP/1.1" 200 8604 "-" "Mozilla/5.0 (Windows; U; Windows NT 5.1; de; rv:1.9) Gecko/2008052906 Firefox/3.0"
172.16.1.10 - - [07/Jul/2008:10:03:25 -0600] "GET /dash.shtml HTTP/1.1" 200 8265 "-" "Mozilla/5.0 (Windows; U; Windows NT 5.1; de; rv:1.9) Gecko/2008052906 Firefox/3.0"
172.16.1.10 - - [07/Jul/2008:10:04:28 -0600] "GET /dash.shtml HTTP/1.1" 200 8265 "-" "Mozilla/5.0 (Windows; U; Windows NT 5.1; de; rv:1.9) Gecko/2008052906 Firefox/3.0"
172.16.1.10 - - [07/Jul/2008:10:05:32 -0600] "GET /dash.shtml HTTP/1.1" 200 8265 "-" "Mozilla/5.0 (Windows; U; Windows NT 5.1; de; rv:1.9) Gecko/2008052906 Firefox/3.0"
172.16.1.12 - - [07/Jul/2008:11:04:23 -0600] "GET /style/stylesheet.css HTTP/1.1" 304 - "http://daves/dash.shtml" "Mozilla/5.0 (Windows; U; Windows NT 5.2; en-US; rv:1.8.1.14) Gecko/20080404 Firefox/2.0.0.14"
172.16.1.12 - - [07/Jul/2008:11:04:26 -0600] "GET /images/wrench.gif HTTP/1.1" 304 - "http://daves/dash.shtml" "Mozilla/5.0 (Windows; U; Windows NT 5.2; en-US; rv:1.8.1.14) Gecko/20080404 Firefox/2.0.0.14"
172.16.1.12 - - [07/Jul/2008:11:04:23 -0600] "GET /dash.shtml HTTP/1.1" 200 6924 "-" "Mozilla/5.0 (Windows; U; Windows NT 5.2; en-US; rv:1.8.1.14) Gecko/20080404 Firefox/2.0.0.14"
172.16.1.12 - - [07/Jul/2008:11:04:34 -0600] "GET /cgi-bin/dash/exec_details_widget.cgi? HTTP/1.1" 200 2154 "http://daves/dash.shtml" "Mozilla/5.0 (Windows; U; Windows NT 5.2; en-US; rv:1.8.1.14) Gecko/20080404 Firefox/2.0.0.14"
172.16.1.12 - - [07/Jul/2008:11:04:50 -0600] "GET /cgi-bin/dash/exec_details_widget.cgi? HTTP/1.1" 200 2178 "http://daves/dash.shtml" "Mozilla/5.0 (Windows; U; Windows NT 5.2; en-US; rv:1.8.1.14) Gecko/20080404 Firefox/2.0.0.14"
172.16.1.12 - - [07/Jul/2008:11:04:54 -0600] "GET /cgi-bin/dash/exec_details_widget.cgi? HTTP/1.1" 200 2154 "http://daves/dash.shtml" "Mozilla/5.0 (Windows; U; Windows NT 5.2; en-US; rv:1.8.1.14) Gecko/20080404 Firefox/2.0.0.14"
172.16.1.12 - - [07/Jul/2008:11:24:37 -0600] "GET /cgi-bin/dash/exec_details_widget.cgi? HTTP/1.1" 200 2154 "http://daves/dash.shtml" "Mozilla/5.0 (Windows; U; Windows NT 5.2; en-US; rv:1.8.1.14) Gecko/20080404 Firefox/2.0.0.14"
172.16.1.12 - - [07/Jul/2008:11:29:15 -0600] "GET /cgi-bin/dash/app_history.cgi? HTTP/1.1" 200 8763 "http://daves/cgi-bin/dash/exec_details_widget.cgi?" "Mozilla/5.0 (Windows; U; Windows NT 5.2; en-US; rv:1.8.1.14) Gecko/20080404 Firefox/2.0.0.14"
172.16.1.12 - - [07/Jul/2008:11:29:15 -0600] "GET /cgi-bin/dash/__history__.html? HTTP/1.1" 404 318 "http://daves/cgi-bin/dash/app_history.cgi?" "Mozilla/5.0 (Windows; U; Windows NT 5.2; en-US; rv:1.8.1.14) Gecko/20080404 Firefox/2.0.0.14"
172.16.1.12 - - [07/Jul/2008:11:29:15 -0600] "GET /tmp/164.dat HTTP/1.1" 200 179 "http://daves/cgi-bin/dash/app_history.cgi?" "Mozilla/5.0 (Windows; U; Windows NT 5.2; en-US; rv:1.8.1.14) Gecko/20080404 Firefox/2.0.0.14"
172.16.1.12 - - [07/Jul/2008:11:29:15 -0600] "GET /tmp/164.svn.xml HTTP/1.1" 200 6915 "http://daves/cgi-bin/dash/app_history.cgi?" "Mozilla/5.0 (Windows; U; Windows NT 5.2; en-US; rv:1.8.1.14) Gecko/20080404 Firefox/2.0.0.14"
172.16.1.12 - - [07/Jul/2008:11:29:24 -0600] "GET /cgi-bin/dash/correct.cgi? HTTP/1.1" 200 1538 "http://daves/cgi-bin/dash/app_history.cgi?" "Mozilla/5.0 (Windows; U; Windows NT 5.2; en-US; rv:1.8.1.14) Gecko/20080404 Firefox/2.0.0.14"
172.16.1.12 - - [07/Jul/2008:11:29:34 -0600] "GET /tmp/164.dat HTTP/1.1" 304 - "http://daves/cgi-bin/dash/app_history.cgi?" "Mozilla/5.0 (Windows; U; Windows NT 5.2; en-US; rv:1.8.1.14) Gecko/20080404 Firefox/2.0.0.14"
172.16.1.12 - - [07/Jul/2008:11:29:37 -0600] "GET /cgi-bin/dash/exec_details_widget.cgi? HTTP/1.1" 200 2697 "http://daves/cgi-bin/dash/app_history.cgi?" "Mozilla/5.0 (Windows; U; Windows NT 5.2; en-US; rv:1.8.1.14) Gecko/20080404 Firefox/2.0.0.14"
172.16.1.12 - - [07/Jul/2008:11:29:44 -0600] "GET /tmp/164.dat HTTP/1.1" 304 - "http://daves/cgi-bin/dash/app_history.cgi?" "Mozilla/5.0 (Windows; U; Windows NT 5.2; en-US; rv:1.8.1.14) Gecko/20080404 Firefox/2.0.0.14"
172.16.1.12 - - [07/Jul/2008:11:29:46 -0600] "GET /cgi-bin/dash/exec_details_widget.cgi? HTTP/1.1" 200 2136 "http://daves/cgi-bin/dash/app_history.cgi?" "Mozilla/5.0 (Windows; U; Windows NT 5.2; en-US; rv:1.8.1.14) Gecko/20080404 Firefox/2.0.0.14"
172.16.1.12 - - [07/Jul/2008:11:29:52 -0600] "GET /tmp/164.dat HTTP/1.1" 304 - "http://daves/cgi-bin/dash/app_history.cgi?" "Mozilla/5.0 (Windows; U; Windows NT 5.2; en-US; rv:1.8.1.14) Gecko/20080404 Firefox/2.0.0.14"
172.16.1.12 - - [07/Jul/2008:11:29:59 -0600] "GET /cgi-bin/dash/app_history.cgi? HTTP/1.1" 200 8763 "http://daves/cgi-bin/dash/exec_details_widget.cgi?" "Mozilla/5.0 (Windows; U; Windows NT 5.2; en-US; rv:1.8.1.14) Gecko/20080404 Firefox/2.0.0.14"
172.16.1.12 - - [07/Jul/2008:11:29:59 -0600] "GET /style/stylesheet.css HTTP/1.1" 304 - "http://daves/cgi-bin/dash/app_history.cgi?" "Mozilla/5.0 (Windows; U; Windows NT 5.2; en-US; rv:1.8.1.14) Gecko/20080404 Firefox/2.0.0.14"
172.16.1.12 - - [07/Jul/2008:11:30:00 -0600] "GET /images/wrench.gif HTTP/1.1" 304 - "http://daves/cgi-bin/dash/app_history.cgi?" "Mozilla/5.0 (Windows; U; Windows NT 5.2; en-US; rv:1.8.1.14) Gecko/20080404 Firefox/2.0.0.14"
172.16.1.12 - - [07/Jul/2008:11:30:00 -0600] "GET /cgi-bin/dash/__history__.html? HTTP/1.1" 404 318 "http://daves/cgi-bin/dash/app_history.cgi?" "Mozilla/5.0 (Windows; U; Windows NT 5.2; en-US; rv:1.8.1.14) Gecko/20080404 Firefox/2.0.0.14"
172.16.1.12 - - [07/Jul/2008:11:30:00 -0600] "GET /tmp/164.dat HTTP/1.1" 304 - "http://daves/cgi-bin/dash/app_history.cgi?" "Mozilla/5.0 (Windows; U; Windows NT 5.2; en-US; rv:1.8.1.14) Gecko/20080404 Firefox/2.0.0.14"
172.16.1.12 - - [07/Jul/2008:11:30:14 -0600] "GET /cgi-bin/dash/exec_details_widget.cgi? HTTP/1.1" 200 1979 "http://daves/cgi-bin/dash/app_history.cgi?" "Mozilla/5.0 (Windows; U; Windows NT 5.2; en-US; rv:1.8.1.14) Gecko/20080404 Firefox/2.0.0.14"
172.16.1.12 - - [07/Jul/2008:11:30:20 -0600] "GET /tmp/164.dat HTTP/1.1" 304 - "http://daves/cgi-bin/dash/app_history.cgi?" "Mozilla/5.0 (Windows; U; Windows NT 5.2; en-US; rv:1.8.1.14) Gecko/20080404 Firefox/2.0.0.14"
172.16.1.12 - - [07/Jul/2008:11:30:23 -0600] "GET /cgi-bin/dash/exec_details_widget.cgi? HTTP/1.1" 200 2154 "http://daves/cgi-bin/dash/app_history.cgi?" "Mozilla/5.0 (Windows; U; Windows NT 5.2; en-US; rv:1.8.1.14) Gecko/20080404 Firefox/2.0.0.14"
172.16.1.12 - - [07/Jul/2008:11:30:28 -0600] "GET /tmp/164.dat HTTP/1.1" 304 - "http://daves/cgi-bin/dash/app_history.cgi?" "Mozilla/5.0 (Windows; U; Windows NT 5.2; en-US; rv:1.8.1.14) Gecko/20080404 Firefox/2.0.0.14"
172.16.1.12 - - [07/Jul/2008:11:30:31 -0600] "GET /cgi-bin/dash/exec_details_widget.cgi? HTTP/1.1" 200 1979 "http://daves/cgi-bin/dash/app_history.cgi?" "Mozilla/5.0 (Windows; U; Windows NT 5.2; en-US; rv:1.8.1.14) Gecko/20080404 Firefox/2.0.0.14"
172.16.1.12 - - [07/Jul/2008:11:30:36 -0600] "GET /cgi-bin/dash/exec_details_widget.cgi? HTTP/1.1" 200 2154 "http://daves/cgi-bin/dash/app_history.cgi?" "Mozilla/5.0 (Windows; U; Windows NT 5.2; en-US; rv:1.8.1.14) Gecko/20080404 Firefox/2.0.0.14"
172.16.1.12 - - [07/Jul/2008:11:30:46 -0600] "GET /tmp/164.dat HTTP/1.1" 304 - "http://daves/cgi-bin/dash/app_history.cgi?" "Mozilla/5.0 (Windows; U; Windows NT 5.2; en-US; rv:1.8.1.14) Gecko/20080404 Firefox/2.0.0.14"
172.16.1.12 - - [07/Jul/2008:11:56:21 -0600] "GET /cgi-bin/dash/app_history.cgi? HTTP/1.1" 200 9313 "http://daves/cgi-bin/dash/exec_details_widget.cgi?" "Mozilla/5.0 (Windows; U; Windows NT 5.2; en-US; rv:1.8.1.14) Gecko/20080404 Firefox/2.0.0.14"
172.16.1.12 - - [07/Jul/2008:11:56:21 -0600] "GET /style/stylesheet.css HTTP/1.1" 304 - "http://daves/cgi-bin/dash/app_history.cgi?" "Mozilla/5.0 (Windows; U; Windows NT 5.2; en-US; rv:1.8.1.14) Gecko/20080404 Firefox/2.0.0.14"
172.16.1.12 - - [07/Jul/2008:11:56:22 -0600] "GET /images/wrench.gif HTTP/1.1" 304 - "http://daves/cgi-bin/dash/app_history.cgi?" "Mozilla/5.0 (Windows; U; Windows NT 5.2; en-US; rv:1.8.1.14) Gecko/20080404 Firefox/2.0.0.14"
172.16.1.12 - - [07/Jul/2008:11:56:22 -0600] "GET /cgi-bin/dash/__history__.html? HTTP/1.1" 404 318 "http://daves/cgi-bin/dash/app_history.cgi?" "Mozilla/5.0 (Windows; U; Windows NT 5.2; en-US; rv:1.8.1.14) Gecko/20080404 Firefox/2.0.0.14"
172.16.1.12 - - [07/Jul/2008:11:56:22 -0600] "GET /tmp/164.dat HTTP/1.1" 200 179 "http://daves/cgi-bin/dash/app_history.cgi?" "Mozilla/5.0 (Windows; U; Windows NT 5.2; en-US; rv:1.8.1.14) Gecko/20080404 Firefox/2.0.0.14"
172.16.1.12 - - [07/Jul/2008:11:56:22 -0600] "GET /tmp/164.svn.xml HTTP/1.1" 304 - "http://daves/cgi-bin/dash/app_history.cgi?" "Mozilla/5.0 (Windows; U; Windows NT 5.2; en-US; rv:1.8.1.14) Gecko/20080404 Firefox/2.0.0.14"
172.16.1.12 - - [07/Jul/2008:11:56:36 -0600] "GET /cgi-bin/dash/correct.cgi? HTTP/1.1" 200 1006 "http://daves/cgi-bin/dash/app_history.cgi?" "Mozilla/5.0 (Windows; U; Windows NT 5.2; en-US; rv:1.8.1.14) Gecko/20080404 Firefox/2.0.0.14"
172.16.1.12 - - [07/Jul/2008:11:56:58 -0600] "GET /cgi-bin/dash/correct.cgi? HTTP/1.1" 200 1358 "http://daves/cgi-bin/dash/correct.cgi?" "Mozilla/5.0 (Windows; U; Windows NT 5.2; en-US; rv:1.8.1.14) Gecko/20080404 Firefox/2.0.0.14"
172.16.1.12 - - [07/Jul/2008:11:57:00 -0600] "GET /tmp/164.dat HTTP/1.1" 304 - "http://daves/cgi-bin/dash/app_history.cgi?" "Mozilla/5.0 (Windows; U; Windows NT 5.2; en-US; rv:1.8.1.14) Gecko/20080404 Firefox/2.0.0.14"
172.16.1.12 - - [07/Jul/2008:11:57:03 -0600] "GET /cgi-bin/dash/correct.cgi? HTTP/1.1" 200 1006 "http://daves/cgi-bin/dash/app_history.cgi?" "Mozilla/5.0 (Windows; U; Windows NT 5.2; en-US; rv:1.8.1.14) Gecko/20080404 Firefox/2.0.0.14"
172.16.1.12 - - [07/Jul/2008:11:57:10 -0600] "GET /cgi-bin/dash/correct.cgi? HTTP/1.1" 200 1358 "http://daves/cgi-bin/dash/correct.cgi?" "Mozilla/5.0 (Windows; U; Windows NT 5.2; en-US; rv:1.8.1.14) Gecko/20080404 Firefox/2.0.0.14"
172.16.1.12 - - [07/Jul/2008:11:57:14 -0600] "GET /tmp/164.dat HTTP/1.1" 304 - "http://daves/cgi-bin/dash/app_history.cgi?" "Mozilla/5.0 (Windows; U; Windows NT 5.2; en-US; rv:1.8.1.14) Gecko/20080404 Firefox/2.0.0.14"
172.16.1.12 - - [07/Jul/2008:13:23:18 -0600] "GET /cgi-bin/dash/app_history.cgi? HTTP/1.1" 200 11439 "http://daves/cgi-bin/dash/exec_details_widget.cgi?" "Mozilla/5.0 (Windows; U; Windows NT 5.2; en-US; rv:1.8.1.14) Gecko/20080404 Firefox/2.0.0.14"
172.16.1.12 - - [07/Jul/2008:13:23:18 -0600] "GET /style/stylesheet.css HTTP/1.1" 304 - "http://daves/cgi-bin/dash/app_history.cgi?" "Mozilla/5.0 (Windows; U; Windows NT 5.2; en-US; rv:1.8.1.14) Gecko/20080404 Firefox/2.0.0.14"
172.16.1.12 - - [07/Jul/2008:13:23:19 -0600] "GET /images/wrench.gif HTTP/1.1" 304 - "http://daves/cgi-bin/dash/app_history.cgi?" "Mozilla/5.0 (Windows; U; Windows NT 5.2; en-US; rv:1.8.1.14) Gecko/20080404 Firefox/2.0.0.14"
172.16.1.12 - - [07/Jul/2008:13:23:19 -0600] "GET /cgi-bin/dash/__history__.html? HTTP/1.1" 404 318 "http://daves/cgi-bin/dash/app_history.cgi?" "Mozilla/5.0 (Windows; U; Windows NT 5.2; en-US; rv:1.8.1.14) Gecko/20080404 Firefox/2.0.0.14"
172.16.1.12 - - [07/Jul/2008:13:23:19 -0600] "GET /tmp/164.svn.xml HTTP/1.1" 304 - "http://daves/cgi-bin/dash/app_history.cgi?" "Mozilla/5.0 (Windows; U; Windows NT 5.2; en-US; rv:1.8.1.14) Gecko/20080404 Firefox/2.0.0.14"
172.16.1.12 - - [07/Jul/2008:13:23:19 -0600] "GET /tmp/164.dat HTTP/1.1" 200 201 "http://daves/cgi-bin/dash/app_history.cgi?" "Mozilla/5.0 (Windows; U; Windows NT 5.2; en-US; rv:1.8.1.14) Gecko/20080404 Firefox/2.0.0.14"
172.16.1.12 - - [07/Jul/2008:13:23:27 -0600] "GET /cgi-bin/dash/correct.cgi? HTTP/1.1" 200 1006 "http://daves/cgi-bin/dash/app_history.cgi?" "Mozilla/5.0 (Windows; U; Windows NT 5.2; en-US; rv:1.8.1.14) Gecko/20080404 Firefox/2.0.0.14"
172.16.1.12 - - [07/Jul/2008:13:25:25 -0600] "GET /cgi-bin/dash/correct.cgi? HTTP/1.1" 200 1754 "http://daves/cgi-bin/dash/correct.cgi?" "Mozilla/5.0 (Windows; U; Windows NT 5.2; en-US; rv:1.8.1.14) Gecko/20080404 Firefox/2.0.0.14"
172.16.1.12 - - [07/Jul/2008:13:25:29 -0600] "GET /tmp/164.dat HTTP/1.1" 304 - "http://daves/cgi-bin/dash/app_history.cgi?" "Mozilla/5.0 (Windows; U; Windows NT 5.2; en-US; rv:1.8.1.14) Gecko/20080404 Firefox/2.0.0.14"
